<html>
<body>
<pre>
<h1>µVision Build Log</h1>
<h2>Tool Versions:</h2>
IDE-Version: ¦ÌVision V5.30.0.0
Copyright (C) 2020 ARM Ltd and ARM Germany GmbH. All rights reserved.
License Information: . ., ., LIC=TIVNB-26KPE-VE1HA-1YEAH-EKBDD-X5BKP
 
Tool Versions:
Toolchain:       MDK-ARM Plus  Version: 5.30.0.0
Toolchain Path:  C:\Keil_v5\ARM\ARMCC\Bin
C Compiler:      Armcc.exe V5.06 update 6 (build 750)
Assembler:       Armasm.exe V5.06 update 6 (build 750)
Linker/Locator:  ArmLink.exe V5.06 update 6 (build 750)
Library Manager: ArmAr.exe V5.06 update 6 (build 750)
Hex Converter:   FromElf.exe V5.06 update 6 (build 750)
CPU DLL:         SARMCM3.DLL V5.30.0.0
Dialog DLL:      DCM.DLL V1.17.3.0
Target DLL:      CMSIS_AGDI.dll V1.32.5.0
Dialog DLL:      TCM.DLL V1.42.0.0
 
<h2>Project:</h2>
D:\Projects\LocateMagnet\Firmware\MMC5603test_GD32_Compatible\MDK-ARM\MMC5603test.uvprojx
Project File Date:  04/14/2024

<h2>Output:</h2>
*** Using Compiler 'V5.06 update 6 (build 750)', folder: 'C:\Keil_v5\ARM\ARMCC\Bin'
Build target 'MMC5603test'
assembling startup_stm32f103xb.s...
compiling stm32f1xx_it.c...
compiling stm32f1xx_hal_tim_ex.c...
compiling stm32f1xx_hal_gpio_ex.c...
compiling stm32f1xx_hal.c...
compiling gpio.c...
compiling I2C_SW.c...
..\Core\Src\I2C_SW.c(265): warning:  #1-D: last line of file ends without a newline
  }
..\Core\Src\I2C_SW.c: 1 warning, 0 errors
compiling stm32f1xx_hal_msp.c...
compiling dma.c...
compiling usart.c...
compiling main.c...
../Core/Src/main.c(190): warning:  #177-D: variable "TargetMagX"  was declared but never referenced
  	int TargetMagX,TargetMagY,TargetMagZ;	 
../Core/Src/main.c(190): warning:  #177-D: variable "TargetMagY"  was declared but never referenced
  	int TargetMagX,TargetMagY,TargetMagZ;	 
../Core/Src/main.c(191): warning:  #177-D: variable "relativeX"  was declared but never referenced
  	int relativeX,relativeY,relativeZ;
../Core/Src/main.c(191): warning:  #177-D: variable "relativeY"  was declared but never referenced
  	int relativeX,relativeY,relativeZ;
../Core/Src/main.c(191): warning:  #550-D: variable "relativeZ"  was set but never used
  	int relativeX,relativeY,relativeZ;
../Core/Src/main.c(202): warning:  #177-D: variable "testVal"  was declared but never referenced
  	int testVal[3] = {0};
../Core/Src/main.c(203): warning:  #550-D: variable "timeSpent"  was set but never used
  	int timeSpent;
../Core/Src/main.c: 7 warnings, 0 errors
compiling tim.c...
compiling stm32f1xx_hal_tim.c...
compiling stm32f1xx_hal_cortex.c...
compiling stm32f1xx_hal_dma.c...
compiling stm32f1xx_hal_rcc_ex.c...
compiling stm32f1xx_hal_gpio.c...
compiling system_stm32f1xx.c...
compiling stm32f1xx_hal_pwr.c...
compiling stm32f1xx_hal_flash.c...
compiling stm32f1xx_hal_exti.c...
compiling stm32f1xx_hal_flash_ex.c...
compiling stm32f1xx_hal_rcc.c...
compiling stm32f1xx_hal_uart.c...
linking...
Program Size: Code=9292 RO-data=312 RW-data=436 ZI-data=5708  
FromELF: creating hex file...
"MMC5603test\MMC5603test.axf" - 0 Error(s), 8 Warning(s).

<h2>Software Packages used:</h2>

Package Vendor: ARM
                http://www.keil.com/pack/ARM.CMSIS.5.7.0.pack
                ARM.CMSIS.5.7.0
                CMSIS (Cortex Microcontroller Software Interface Standard)
   * Component: CORE Version: 5.4.0

Package Vendor: GigaDevice
                https://gd32mcu.com/data/documents/pack/GigaDevice.GD32F10x_DFP.2.0.3.pack
                GigaDevice.GD32F10x_DFP.2.0.3
                GigaDevice GD32F10x Series Device Support and Examples

<h2>Collection of Component include folders:</h2>
  .\RTE\_MMC5603test
  C:\Users\Aiano\AppData\Local\Arm\Packs\ARM\CMSIS\5.7.0\CMSIS\Core\Include
  C:\Users\Aiano\AppData\Local\Arm\Packs\GigaDevice\GD32F10x_DFP\2.0.3\Device\Include

<h2>Collection of Component Files used:</h2>

   * Component: ARM::CMSIS:CORE:5.4.0
Build Time Elapsed:  00:00:11
</pre>
</body>
</html>
