Component: ARM Compiler 6.14 Tool: armlink [5db06800]

==============================================================================

Section Cross References

    startup_stm32f103xb.o(RESET) refers to startup_stm32f103xb.o(STACK) for __initial_sp
    startup_stm32f103xb.o(RESET) refers to startup_stm32f103xb.o(.text) for Reset_Handler
    startup_stm32f103xb.o(RESET) refers to stm32f1xx_it.o(.text.NMI_Handler) for NMI_Handler
    startup_stm32f103xb.o(RESET) refers to stm32f1xx_it.o(.text.HardFault_Handler) for HardFault_Handler
    startup_stm32f103xb.o(RESET) refers to stm32f1xx_it.o(.text.MemManage_Handler) for MemManage_Handler
    startup_stm32f103xb.o(RESET) refers to stm32f1xx_it.o(.text.BusFault_Handler) for BusFault_Handler
    startup_stm32f103xb.o(RESET) refers to stm32f1xx_it.o(.text.UsageFault_Handler) for UsageFault_Handler
    startup_stm32f103xb.o(RESET) refers to stm32f1xx_it.o(.text.SVC_Handler) for SVC_Handler
    startup_stm32f103xb.o(RESET) refers to stm32f1xx_it.o(.text.DebugMon_Handler) for DebugMon_Handler
    startup_stm32f103xb.o(RESET) refers to stm32f1xx_it.o(.text.PendSV_Handler) for PendSV_Handler
    startup_stm32f103xb.o(RESET) refers to stm32f1xx_it.o(.text.SysTick_Handler) for SysTick_Handler
    startup_stm32f103xb.o(RESET) refers to stm32f1xx_it.o(.text.DMA1_Channel4_IRQHandler) for DMA1_Channel4_IRQHandler
    startup_stm32f103xb.o(RESET) refers to stm32f1xx_it.o(.text.DMA1_Channel5_IRQHandler) for DMA1_Channel5_IRQHandler
    startup_stm32f103xb.o(RESET) refers to stm32f1xx_it.o(.text.TIM2_IRQHandler) for TIM2_IRQHandler
    startup_stm32f103xb.o(RESET) refers to stm32f1xx_it.o(.text.USART1_IRQHandler) for USART1_IRQHandler
    startup_stm32f103xb.o(.text) refers to system_stm32f1xx.o(.text.SystemInit) for SystemInit
    startup_stm32f103xb.o(.text) refers to entry.o(.ARM.Collect$$$$00000000) for __main
    i2c_sw.o(.text.i2c_start) refers to i2c_sw.o(.text.delay_us) for delay_us
    i2c_sw.o(.text.i2c_start) refers to stm32f1xx_hal_gpio.o(.text.HAL_GPIO_WritePin) for HAL_GPIO_WritePin
    i2c_sw.o(.ARM.exidx.text.i2c_start) refers to i2c_sw.o(.text.i2c_start) for [Anonymous Symbol]
    i2c_sw.o(.ARM.exidx.text.delay_us) refers to i2c_sw.o(.text.delay_us) for [Anonymous Symbol]
    i2c_sw.o(.text.i2c_stop) refers to stm32f1xx_hal_gpio.o(.text.HAL_GPIO_WritePin) for HAL_GPIO_WritePin
    i2c_sw.o(.text.i2c_stop) refers to i2c_sw.o(.text.delay_us) for delay_us
    i2c_sw.o(.ARM.exidx.text.i2c_stop) refers to i2c_sw.o(.text.i2c_stop) for [Anonymous Symbol]
    i2c_sw.o(.text.i2c_send) refers to i2c_sw.o(.text.delay_us) for delay_us
    i2c_sw.o(.text.i2c_send) refers to stm32f1xx_hal_gpio.o(.text.HAL_GPIO_WritePin) for HAL_GPIO_WritePin
    i2c_sw.o(.ARM.exidx.text.i2c_send) refers to i2c_sw.o(.text.i2c_send) for [Anonymous Symbol]
    i2c_sw.o(.text.i2c_read) refers to stm32f1xx_hal_gpio.o(.text.HAL_GPIO_WritePin) for HAL_GPIO_WritePin
    i2c_sw.o(.text.i2c_read) refers to i2c_sw.o(.text.delay_us) for delay_us
    i2c_sw.o(.text.i2c_read) refers to stm32f1xx_hal_gpio.o(.text.HAL_GPIO_ReadPin) for HAL_GPIO_ReadPin
    i2c_sw.o(.text.i2c_read) refers to i2c_sw.o(.bss.i2c_read.dat) for [Anonymous Symbol]
    i2c_sw.o(.ARM.exidx.text.i2c_read) refers to i2c_sw.o(.text.i2c_read) for [Anonymous Symbol]
    i2c_sw.o(.text.i2c_wit_ack) refers to stm32f1xx_hal_gpio.o(.text.HAL_GPIO_WritePin) for HAL_GPIO_WritePin
    i2c_sw.o(.text.i2c_wit_ack) refers to i2c_sw.o(.text.delay_us) for delay_us
    i2c_sw.o(.text.i2c_wit_ack) refers to stm32f1xx_hal_gpio.o(.text.HAL_GPIO_ReadPin) for HAL_GPIO_ReadPin
    i2c_sw.o(.text.i2c_wit_ack) refers to i2c_sw.o(.text.i2c_stop) for i2c_stop
    i2c_sw.o(.ARM.exidx.text.i2c_wit_ack) refers to i2c_sw.o(.text.i2c_wit_ack) for [Anonymous Symbol]
    i2c_sw.o(.text.i2c_ack) refers to stm32f1xx_hal_gpio.o(.text.HAL_GPIO_WritePin) for HAL_GPIO_WritePin
    i2c_sw.o(.text.i2c_ack) refers to i2c_sw.o(.text.delay_us) for delay_us
    i2c_sw.o(.ARM.exidx.text.i2c_ack) refers to i2c_sw.o(.text.i2c_ack) for [Anonymous Symbol]
    i2c_sw.o(.text.i2c_no_ack) refers to stm32f1xx_hal_gpio.o(.text.HAL_GPIO_WritePin) for HAL_GPIO_WritePin
    i2c_sw.o(.text.i2c_no_ack) refers to i2c_sw.o(.text.delay_us) for delay_us
    i2c_sw.o(.ARM.exidx.text.i2c_no_ack) refers to i2c_sw.o(.text.i2c_no_ack) for [Anonymous Symbol]
    i2c_sw.o(.text.as5600read) refers to i2c_sw.o(.text.i2c_start) for i2c_start
    i2c_sw.o(.text.as5600read) refers to i2c_sw.o(.text.i2c_send) for i2c_send
    i2c_sw.o(.text.as5600read) refers to i2c_sw.o(.text.i2c_wit_ack) for i2c_wit_ack
    i2c_sw.o(.text.as5600read) refers to i2c_sw.o(.text.i2c_read) for i2c_read
    i2c_sw.o(.text.as5600read) refers to i2c_sw.o(.text.i2c_no_ack) for i2c_no_ack
    i2c_sw.o(.text.as5600read) refers to i2c_sw.o(.text.i2c_stop) for i2c_stop
    i2c_sw.o(.text.as5600read) refers to i2c_sw.o(.text.delay_us) for delay_us
[...]
    Removing stm32f1xx_hal_pwr.o(.ARM.exidx.text.PWR_OverloadWfe), (8 bytes).
    Removing stm32f1xx_hal_pwr.o(.text.HAL_PWR_EnterSTANDBYMode), (32 bytes).
    Removing stm32f1xx_hal_pwr.o(.ARM.exidx.text.HAL_PWR_EnterSTANDBYMode), (8 bytes).
    Removing stm32f1xx_hal_pwr.o(.text.HAL_PWR_EnableSleepOnExit), (16 bytes).
    Removing stm32f1xx_hal_pwr.o(.ARM.exidx.text.HAL_PWR_EnableSleepOnExit), (8 bytes).
    Removing stm32f1xx_hal_pwr.o(.text.HAL_PWR_DisableSleepOnExit), (16 bytes).
    Removing stm32f1xx_hal_pwr.o(.ARM.exidx.text.HAL_PWR_DisableSleepOnExit), (8 bytes).
    Removing stm32f1xx_hal_pwr.o(.text.HAL_PWR_EnableSEVOnPend), (16 bytes).
    Removing stm32f1xx_hal_pwr.o(.ARM.exidx.text.HAL_PWR_EnableSEVOnPend), (8 bytes).
    Removing stm32f1xx_hal_pwr.o(.text.HAL_PWR_DisableSEVOnPend), (16 bytes).
    Removing stm32f1xx_hal_pwr.o(.ARM.exidx.text.HAL_PWR_DisableSEVOnPend), (8 bytes).
    Removing stm32f1xx_hal_pwr.o(.text.HAL_PWR_PVD_IRQHandler), (28 bytes).
    Removing stm32f1xx_hal_pwr.o(.ARM.exidx.text.HAL_PWR_PVD_IRQHandler), (8 bytes).
    Removing stm32f1xx_hal_pwr.o(.text.HAL_PWR_PVDCallback), (2 bytes).
    Removing stm32f1xx_hal_pwr.o(.ARM.exidx.text.HAL_PWR_PVDCallback), (8 bytes).
    Removing stm32f1xx_hal_flash.o(.text), (0 bytes).
    Removing stm32f1xx_hal_flash.o(.text.HAL_FLASH_Program), (148 bytes).
    Removing stm32f1xx_hal_flash.o(.ARM.exidx.text.HAL_FLASH_Program), (8 bytes).
    Removing stm32f1xx_hal_flash.o(.text.FLASH_WaitForLastOperation), (84 bytes).
    Removing stm32f1xx_hal_flash.o(.ARM.exidx.text.FLASH_WaitForLastOperation), (8 bytes).
    Removing stm32f1xx_hal_flash.o(.text.HAL_FLASH_Program_IT), (84 bytes).
    Removing stm32f1xx_hal_flash.o(.ARM.exidx.text.HAL_FLASH_Program_IT), (8 bytes).
    Removing stm32f1xx_hal_flash.o(.text.HAL_FLASH_IRQHandler), (296 bytes).
    Removing stm32f1xx_hal_flash.o(.ARM.exidx.text.HAL_FLASH_IRQHandler), (8 bytes).
    Removing stm32f1xx_hal_flash.o(.text.FLASH_SetErrorCode), (80 bytes).
    Removing stm32f1xx_hal_flash.o(.ARM.exidx.text.FLASH_SetErrorCode), (8 bytes).
    Removing stm32f1xx_hal_flash.o(.text.HAL_FLASH_OperationErrorCallback), (2 bytes).
    Removing stm32f1xx_hal_flash.o(.ARM.exidx.text.HAL_FLASH_OperationErrorCallback), (8 bytes).
    Removing stm32f1xx_hal_flash.o(.text.HAL_FLASH_EndOfOperationCallback), (2 bytes).
    Removing stm32f1xx_hal_flash.o(.ARM.exidx.text.HAL_FLASH_EndOfOperationCallback), (8 bytes).
    Removing stm32f1xx_hal_flash.o(.text.HAL_FLASH_Unlock), (40 bytes).
    Removing stm32f1xx_hal_flash.o(.ARM.exidx.text.HAL_FLASH_Unlock), (8 bytes).
    Removing stm32f1xx_hal_flash.o(.text.HAL_FLASH_Lock), (20 bytes).
    Removing stm32f1xx_hal_flash.o(.ARM.exidx.text.HAL_FLASH_Lock), (8 bytes).
    Removing stm32f1xx_hal_flash.o(.text.HAL_FLASH_OB_Unlock), (36 bytes).
    Removing stm32f1xx_hal_flash.o(.ARM.exidx.text.HAL_FLASH_OB_Unlock), (8 bytes).
    Removing stm32f1xx_hal_flash.o(.text.HAL_FLASH_OB_Lock), (20 bytes).
    Removing stm32f1xx_hal_flash.o(.ARM.exidx.text.HAL_FLASH_OB_Lock), (8 bytes).
    Removing stm32f1xx_hal_flash.o(.text.HAL_FLASH_OB_Launch), (4 bytes).
    Removing stm32f1xx_hal_flash.o(.ARM.exidx.text.HAL_FLASH_OB_Launch), (8 bytes).
    Removing stm32f1xx_hal_flash.o(.text.HAL_FLASH_GetError), (12 bytes).
    Removing stm32f1xx_hal_flash.o(.ARM.exidx.text.HAL_FLASH_GetError), (8 bytes).
    Removing stm32f1xx_hal_flash.o(.bss.pFlash), (32 bytes).
    Removing stm32f1xx_hal_flash_ex.o(.text), (0 bytes).
    Removing stm32f1xx_hal_flash_ex.o(.text.HAL_FLASHEx_Erase), (156 bytes).
    Removing stm32f1xx_hal_flash_ex.o(.ARM.exidx.text.HAL_FLASHEx_Erase), (8 bytes).
    Removing stm32f1xx_hal_flash_ex.o(.text.FLASH_MassErase), (36 bytes).
    Removing stm32f1xx_hal_flash_ex.o(.ARM.exidx.text.FLASH_MassErase), (8 bytes).
    Removing stm32f1xx_hal_flash_ex.o(.text.FLASH_PageErase), (36 bytes).
    Removing stm32f1xx_hal_flash_ex.o(.ARM.exidx.text.FLASH_PageErase), (8 bytes).
    Removing stm32f1xx_hal_flash_ex.o(.text.HAL_FLASHEx_Erase_IT), (80 bytes).
    Removing stm32f1xx_hal_flash_ex.o(.ARM.exidx.text.HAL_FLASHEx_Erase_IT), (8 bytes).
    Removing stm32f1xx_hal_flash_ex.o(.text.HAL_FLASHEx_OBErase), (88 bytes).
    Removing stm32f1xx_hal_flash_ex.o(.ARM.exidx.text.HAL_FLASHEx_OBErase), (8 bytes).
    Removing stm32f1xx_hal_flash_ex.o(.text.FLASH_OB_RDP_LevelConfig), (104 bytes).
    Removing stm32f1xx_hal_flash_ex.o(.ARM.exidx.text.FLASH_OB_RDP_LevelConfig), (8 bytes).
    Removing stm32f1xx_hal_flash_ex.o(.text.HAL_FLASHEx_OBProgram), (548 bytes).
    Removing stm32f1xx_hal_flash_ex.o(.ARM.exidx.text.HAL_FLASHEx_OBProgram), (8 bytes).
    Removing stm32f1xx_hal_flash_ex.o(.text.HAL_FLASHEx_OBGetConfig), (40 bytes).
    Removing stm32f1xx_hal_flash_ex.o(.ARM.exidx.text.HAL_FLASHEx_OBGetConfig), (8 bytes).
    Removing stm32f1xx_hal_flash_ex.o(.text.HAL_FLASHEx_OBGetUserData), (28 bytes).
    Removing stm32f1xx_hal_flash_ex.o(.ARM.exidx.text.HAL_FLASHEx_OBGetUserData), (8 bytes).
    Removing stm32f1xx_hal_exti.o(.text), (0 bytes).
    Removing stm32f1xx_hal_exti.o(.text.HAL_EXTI_SetConfigLine), (152 bytes).
    Removing stm32f1xx_hal_exti.o(.ARM.exidx.text.HAL_EXTI_SetConfigLine), (8 bytes).
    Removing stm32f1xx_hal_exti.o(.text.HAL_EXTI_GetConfigLine), (132 bytes).
    Removing stm32f1xx_hal_exti.o(.ARM.exidx.text.HAL_EXTI_GetConfigLine), (8 bytes).
    Removing stm32f1xx_hal_exti.o(.text.HAL_EXTI_ClearConfigLine), (108 bytes).
    Removing stm32f1xx_hal_exti.o(.ARM.exidx.text.HAL_EXTI_ClearConfigLine), (8 bytes).
    Removing stm32f1xx_hal_exti.o(.text.HAL_EXTI_RegisterCallback), (12 bytes).
    Removing stm32f1xx_hal_exti.o(.ARM.exidx.text.HAL_EXTI_RegisterCallback), (8 bytes).
    Removing stm32f1xx_hal_exti.o(.text.HAL_EXTI_GetHandle), (12 bytes).
    Removing stm32f1xx_hal_exti.o(.ARM.exidx.text.HAL_EXTI_GetHandle), (8 bytes).
    Removing stm32f1xx_hal_exti.o(.text.HAL_EXTI_IRQHandler), (36 bytes).
    Removing stm32f1xx_hal_exti.o(.ARM.exidx.text.HAL_EXTI_IRQHandler), (8 bytes).
    Removing stm32f1xx_hal_exti.o(.text.HAL_EXTI_GetPending), (28 bytes).
    Removing stm32f1xx_hal_exti.o(.ARM.exidx.text.HAL_EXTI_GetPending), (8 bytes).
    Removing stm32f1xx_hal_exti.o(.text.HAL_EXTI_ClearPending), (24 bytes).
    Removing stm32f1xx_hal_exti.o(.ARM.exidx.text.HAL_EXTI_ClearPending), (8 bytes).
    Removing stm32f1xx_hal_exti.o(.text.HAL_EXTI_GenerateSWI), (24 bytes).
    Removing stm32f1xx_hal_exti.o(.ARM.exidx.text.HAL_EXTI_GenerateSWI), (8 bytes).
    Removing stm32f1xx_hal_uart.o(.text), (0 bytes).
    Removing stm32f1xx_hal_uart.o(.ARM.exidx.text.HAL_UART_Init), (8 bytes).
    Removing stm32f1xx_hal_uart.o(.text.HAL_UART_MspInit), (2 bytes).
    Removing stm32f1xx_hal_uart.o(.ARM.exidx.text.HAL_UART_MspInit), (8 bytes).
    Removing stm32f1xx_hal_uart.o(.ARM.exidx.text.UART_SetConfig), (8 bytes).
    Removing stm32f1xx_hal_uart.o(.text.HAL_HalfDuplex_Init), (102 bytes).
    Removing stm32f1xx_hal_uart.o(.ARM.exidx.text.HAL_HalfDuplex_Init), (8 bytes).
    Removing stm32f1xx_hal_uart.o(.text.HAL_LIN_Init), (118 bytes).
    Removing stm32f1xx_hal_uart.o(.ARM.exidx.text.HAL_LIN_Init), (8 bytes).
    Removing stm32f1xx_hal_uart.o(.text.HAL_MultiProcessor_Init), (126 bytes).
    Removing stm32f1xx_hal_uart.o(.ARM.exidx.text.HAL_MultiProcessor_Init), (8 bytes).
    Removing stm32f1xx_hal_uart.o(.text.HAL_UART_DeInit), (54 bytes).
    Removing stm32f1xx_hal_uart.o(.ARM.exidx.text.HAL_UART_DeInit), (8 bytes).
    Removing stm32f1xx_hal_uart.o(.text.HAL_UART_MspDeInit), (2 bytes).
    Removing stm32f1xx_hal_uart.o(.ARM.exidx.text.HAL_UART_MspDeInit), (8 bytes).
    Removing stm32f1xx_hal_uart.o(.ARM.exidx.text.HAL_UART_Transmit), (8 bytes).
    Removing stm32f1xx_hal_uart.o(.ARM.exidx.text.UART_WaitOnFlagUntilTimeout), (8 bytes).
    Removing stm32f1xx_hal_uart.o(.text.HAL_UART_Receive), (180 bytes).
    Removing stm32f1xx_hal_uart.o(.ARM.exidx.text.HAL_UART_Receive), (8 bytes).
    Removing stm32f1xx_hal_uart.o(.text.HAL_UART_Transmit_IT), (50 bytes).
    Removing stm32f1xx_hal_uart.o(.ARM.exidx.text.HAL_UART_Transmit_IT), (8 bytes).
    Removing stm32f1xx_hal_uart.o(.text.HAL_UART_Receive_IT), (32 bytes).
    Removing stm32f1xx_hal_uart.o(.ARM.exidx.text.HAL_UART_Receive_IT), (8 bytes).
    Removing stm32f1xx_hal_uart.o(.text.UART_Start_Receive_IT), (50 bytes).
    Removing stm32f1xx_hal_uart.o(.ARM.exidx.text.UART_Start_Receive_IT), (8 bytes).
    Removing stm32f1xx_hal_uart.o(.ARM.exidx.text.HAL_UART_Transmit_DMA), (8 bytes).
    Removing stm32f1xx_hal_uart.o(.ARM.exidx.text.UART_DMATransmitCplt), (8 bytes).
    Removing stm32f1xx_hal_uart.o(.ARM.exidx.text.UART_DMATxHalfCplt), (8 bytes).
    Removing stm32f1xx_hal_uart.o(.ARM.exidx.text.UART_DMAError), (8 bytes).
    Removing stm32f1xx_hal_uart.o(.text.HAL_UART_Receive_DMA), (32 bytes).
    Removing stm32f1xx_hal_uart.o(.ARM.exidx.text.HAL_UART_Receive_DMA), (8 bytes).
    Removing stm32f1xx_hal_uart.o(.text.UART_Start_Receive_DMA), (144 bytes).
    Removing stm32f1xx_hal_uart.o(.ARM.exidx.text.UART_Start_Receive_DMA), (8 bytes).
    Removing stm32f1xx_hal_uart.o(.text.HAL_UART_DMAPause), (118 bytes).
    Removing stm32f1xx_hal_uart.o(.ARM.exidx.text.HAL_UART_DMAPause), (8 bytes).
    Removing stm32f1xx_hal_uart.o(.text.HAL_UART_DMAResume), (124 bytes).
    Removing stm32f1xx_hal_uart.o(.ARM.exidx.text.HAL_UART_DMAResume), (8 bytes).
    Removing stm32f1xx_hal_uart.o(.text.HAL_UART_DMAStop), (112 bytes).
    Removing stm32f1xx_hal_uart.o(.ARM.exidx.text.HAL_UART_DMAStop), (8 bytes).
    Removing stm32f1xx_hal_uart.o(.ARM.exidx.text.UART_EndTxTransfer), (8 bytes).
    Removing stm32f1xx_hal_uart.o(.ARM.exidx.text.UART_EndRxTransfer), (8 bytes).
    Removing stm32f1xx_hal_uart.o(.text.HAL_UARTEx_ReceiveToIdle), (266 bytes).
    Removing stm32f1xx_hal_uart.o(.ARM.exidx.text.HAL_UARTEx_ReceiveToIdle), (8 bytes).
    Removing stm32f1xx_hal_uart.o(.text.HAL_UARTEx_ReceiveToIdle_IT), (82 bytes).
    Removing stm32f1xx_hal_uart.o(.ARM.exidx.text.HAL_UARTEx_ReceiveToIdle_IT), (8 bytes).
    Removing stm32f1xx_hal_uart.o(.text.HAL_UARTEx_ReceiveToIdle_DMA), (82 bytes).
    Removing stm32f1xx_hal_uart.o(.ARM.exidx.text.HAL_UARTEx_ReceiveToIdle_DMA), (8 bytes).
    Removing stm32f1xx_hal_uart.o(.text.HAL_UARTEx_GetRxEventType), (4 bytes).
    Removing stm32f1xx_hal_uart.o(.ARM.exidx.text.HAL_UARTEx_GetRxEventType), (8 bytes).
    Removing stm32f1xx_hal_uart.o(.text.HAL_UART_Abort), (204 bytes).
    Removing stm32f1xx_hal_uart.o(.ARM.exidx.text.HAL_UART_Abort), (8 bytes).
    Removing stm32f1xx_hal_uart.o(.text.HAL_UART_AbortTransmit), (96 bytes).
    Removing stm32f1xx_hal_uart.o(.ARM.exidx.text.HAL_UART_AbortTransmit), (8 bytes).
    Removing stm32f1xx_hal_uart.o(.text.HAL_UART_AbortReceive), (144 bytes).
    Removing stm32f1xx_hal_uart.o(.ARM.exidx.text.HAL_UART_AbortReceive), (8 bytes).
    Removing stm32f1xx_hal_uart.o(.text.HAL_UART_Abort_IT), (236 bytes).
    Removing stm32f1xx_hal_uart.o(.ARM.exidx.text.HAL_UART_Abort_IT), (8 bytes).
    Removing stm32f1xx_hal_uart.o(.text.UART_DMATxAbortCallback), (40 bytes).
    Removing stm32f1xx_hal_uart.o(.ARM.exidx.text.UART_DMATxAbortCallback), (8 bytes).
    Removing stm32f1xx_hal_uart.o(.text.UART_DMARxAbortCallback), (40 bytes).
    Removing stm32f1xx_hal_uart.o(.ARM.exidx.text.UART_DMARxAbortCallback), (8 bytes).
    Removing stm32f1xx_hal_uart.o(.text.HAL_UART_AbortCpltCallback), (2 bytes).
    Removing stm32f1xx_hal_uart.o(.ARM.exidx.text.HAL_UART_AbortCpltCallback), (8 bytes).
    Removing stm32f1xx_hal_uart.o(.text.HAL_UART_AbortTransmit_IT), (100 bytes).
    Removing stm32f1xx_hal_uart.o(.ARM.exidx.text.HAL_UART_AbortTransmit_IT), (8 bytes).
    Removing stm32f1xx_hal_uart.o(.text.UART_DMATxOnlyAbortCallback), (16 bytes).
    Removing stm32f1xx_hal_uart.o(.ARM.exidx.text.UART_DMATxOnlyAbortCallback), (8 bytes).
    Removing stm32f1xx_hal_uart.o(.text.HAL_UART_AbortTransmitCpltCallback), (2 bytes).
    Removing stm32f1xx_hal_uart.o(.ARM.exidx.text.HAL_UART_AbortTransmitCpltCallback), (8 bytes).
    Removing stm32f1xx_hal_uart.o(.text.HAL_UART_AbortReceive_IT), (148 bytes).
    Removing stm32f1xx_hal_uart.o(.ARM.exidx.text.HAL_UART_AbortReceive_IT), (8 bytes).
    Removing stm32f1xx_hal_uart.o(.text.UART_DMARxOnlyAbortCallback), (18 bytes).
    Removing stm32f1xx_hal_uart.o(.ARM.exidx.text.UART_DMARxOnlyAbortCallback), (8 bytes).
    Removing stm32f1xx_hal_uart.o(.text.HAL_UART_AbortReceiveCpltCallback), (2 bytes).
    Removing stm32f1xx_hal_uart.o(.ARM.exidx.text.HAL_UART_AbortReceiveCpltCallback), (8 bytes).
    Removing stm32f1xx_hal_uart.o(.ARM.exidx.text.HAL_UART_IRQHandler), (8 bytes).
    Removing stm32f1xx_hal_uart.o(.ARM.exidx.text.UART_Receive_IT), (8 bytes).
    Removing stm32f1xx_hal_uart.o(.ARM.exidx.text.UART_DMAAbortOnError), (8 bytes).
    Removing stm32f1xx_hal_uart.o(.ARM.exidx.text.HAL_UART_ErrorCallback), (8 bytes).
    Removing stm32f1xx_hal_uart.o(.ARM.exidx.text.HAL_UARTEx_RxEventCallback), (8 bytes).
    Removing stm32f1xx_hal_uart.o(.ARM.exidx.text.HAL_UART_TxCpltCallback), (8 bytes).
    Removing stm32f1xx_hal_uart.o(.ARM.exidx.text.HAL_UART_TxHalfCpltCallback), (8 bytes).
    Removing stm32f1xx_hal_uart.o(.ARM.exidx.text.HAL_UART_RxCpltCallback), (8 bytes).
    Removing stm32f1xx_hal_uart.o(.text.HAL_UART_RxHalfCpltCallback), (2 bytes).
    Removing stm32f1xx_hal_uart.o(.ARM.exidx.text.HAL_UART_RxHalfCpltCallback), (8 bytes).
    Removing stm32f1xx_hal_uart.o(.text.HAL_LIN_SendBreak), (60 bytes).
    Removing stm32f1xx_hal_uart.o(.ARM.exidx.text.HAL_LIN_SendBreak), (8 bytes).
    Removing stm32f1xx_hal_uart.o(.text.HAL_MultiProcessor_EnterMuteMode), (62 bytes).
    Removing stm32f1xx_hal_uart.o(.ARM.exidx.text.HAL_MultiProcessor_EnterMuteMode), (8 bytes).
    Removing stm32f1xx_hal_uart.o(.text.HAL_MultiProcessor_ExitMuteMode), (62 bytes).
    Removing stm32f1xx_hal_uart.o(.ARM.exidx.text.HAL_MultiProcessor_ExitMuteMode), (8 bytes).
    Removing stm32f1xx_hal_uart.o(.text.HAL_HalfDuplex_EnableTransmitter), (42 bytes).
    Removing stm32f1xx_hal_uart.o(.ARM.exidx.text.HAL_HalfDuplex_EnableTransmitter), (8 bytes).
    Removing stm32f1xx_hal_uart.o(.text.HAL_HalfDuplex_EnableReceiver), (46 bytes).
    Removing stm32f1xx_hal_uart.o(.ARM.exidx.text.HAL_HalfDuplex_EnableReceiver), (8 bytes).
    Removing stm32f1xx_hal_uart.o(.text.HAL_UART_GetState), (14 bytes).
    Removing stm32f1xx_hal_uart.o(.ARM.exidx.text.HAL_UART_GetState), (8 bytes).
    Removing stm32f1xx_hal_uart.o(.text.HAL_UART_GetError), (4 bytes).
    Removing stm32f1xx_hal_uart.o(.ARM.exidx.text.HAL_UART_GetError), (8 bytes).
    Removing stm32f1xx_hal_uart.o(.text.UART_DMAReceiveCplt), (126 bytes).
    Removing stm32f1xx_hal_uart.o(.ARM.exidx.text.UART_DMAReceiveCplt), (8 bytes).
    Removing stm32f1xx_hal_uart.o(.text.UART_DMARxHalfCplt), (24 bytes).
    Removing stm32f1xx_hal_uart.o(.ARM.exidx.text.UART_DMARxHalfCplt), (8 bytes).
    Removing system_stm32f1xx.o(.text), (0 bytes).
    Removing system_stm32f1xx.o(.ARM.exidx.text.SystemInit), (8 bytes).
    Removing system_stm32f1xx.o(.text.SystemCoreClockUpdate), (80 bytes).
    Removing system_stm32f1xx.o(.ARM.exidx.text.SystemCoreClockUpdate), (8 bytes).
    Removing dadd.o(.text), (334 bytes).
    Removing dmul.o(.text), (228 bytes).
    Removing ddiv.o(.text), (222 bytes).
    Removing dfixul.o(.text), (48 bytes).
    Removing cdrcmple.o(.text), (48 bytes).
    Removing depilogue.o(.text), (186 bytes).

730 unused section(s) (total 32906 bytes) removed from the image.

==============================================================================

Image Symbol Table

    Local Symbols

    Symbol Name                              Value     Ov Type        Size  Object(Section)

    ../clib/../cmprslib/lz77c.c              0x00000000   Number         0  __dclz77c.o ABSOLUTE
    ../clib/microlib/division.c              0x00000000   Number         0  uidiv.o ABSOLUTE
    ../clib/microlib/division.c              0x00000000   Number         0  uldiv.o ABSOLUTE
    ../clib/microlib/init/entry.s            0x00000000   Number         0  entry.o ABSOLUTE
    ../clib/microlib/init/entry.s            0x00000000   Number         0  entry2.o ABSOLUTE
    ../clib/microlib/init/entry.s            0x00000000   Number         0  entry5.o ABSOLUTE
    ../clib/microlib/init/entry.s            0x00000000   Number         0  entry7a.o ABSOLUTE
    ../clib/microlib/init/entry.s            0x00000000   Number         0  entry7b.o ABSOLUTE
    ../clib/microlib/init/entry.s            0x00000000   Number         0  entry8a.o ABSOLUTE
    ../clib/microlib/init/entry.s            0x00000000   Number         0  entry8b.o ABSOLUTE
    ../clib/microlib/init/entry.s            0x00000000   Number         0  entry9a.o ABSOLUTE
    ../clib/microlib/init/entry.s            0x00000000   Number         0  entry9b.o ABSOLUTE
    ../clib/microlib/init/entry.s            0x00000000   Number         0  entry10a.o ABSOLUTE
    ../clib/microlib/init/entry.s            0x00000000   Number         0  entry10b.o ABSOLUTE
    ../clib/microlib/init/entry.s            0x00000000   Number         0  entry11a.o ABSOLUTE
    ../clib/microlib/init/entry.s            0x00000000   Number         0  entry11b.o ABSOLUTE
    ../clib/microlib/longlong.c              0x00000000   Number         0  llushr.o ABSOLUTE
    ../clib/microlib/longlong.c              0x00000000   Number         0  llshl.o ABSOLUTE
    ../clib/microlib/longlong.c              0x00000000   Number         0  llsshr.o ABSOLUTE
    ../clib/microlib/printf/printf.c         0x00000000   Number         0  printfb.o ABSOLUTE
    ../clib/microlib/printf/printf.c         0x00000000   Number         0  printf0.o ABSOLUTE
    ../clib/microlib/printf/printf.c         0x00000000   Number         0  printf1.o ABSOLUTE
    ../clib/microlib/printf/printf.c         0x00000000   Number         0  printf2.o ABSOLUTE
    ../clib/microlib/printf/printf.c         0x00000000   Number         0  printf3.o ABSOLUTE
    ../clib/microlib/printf/printf.c         0x00000000   Number         0  printf4.o ABSOLUTE
    ../clib/microlib/printf/printf.c         0x00000000   Number         0  printf5.o ABSOLUTE
    ../clib/microlib/printf/printf.c         0x00000000   Number         0  printf6.o ABSOLUTE
    ../clib/microlib/printf/printf.c         0x00000000   Number         0  printf7.o ABSOLUTE
    ../clib/microlib/printf/printf.c         0x00000000   Number         0  printf8.o ABSOLUTE
    ../clib/microlib/printf/printf.c         0x00000000   Number         0  printfa.o ABSOLUTE
    ../clib/microlib/printf/stubs.s          0x00000000   Number         0  printfstubs.o ABSOLUTE
    ../clib/microlib/stdio/puts.c            0x00000000   Number         0  puts.o ABSOLUTE
    ../clib/microlib/stdio/puts.c            0x00000000   Number         0  puts_e.o ABSOLUTE
    ../clib/microlib/stdio/streams.c         0x00000000   Number         0  stdout.o ABSOLUTE
    ../clib/microlib/string/memset.c         0x00000000   Number         0  memseta.o ABSOLUTE
    ../clib/microlib/string/strlen.c         0x00000000   Number         0  strlen.o ABSOLUTE
    ../clib/microlib/stubs.s                 0x00000000   Number         0  iusefp.o ABSOLUTE
    ../fplib/microlib/fpadd.c                0x00000000   Number         0  dadd.o ABSOLUTE
    ../fplib/microlib/fpdiv.c                0x00000000   Number         0  ddiv.o ABSOLUTE
    ../fplib/microlib/fpepilogue.c           0x00000000   Number         0  depilogue.o ABSOLUTE
    ../fplib/microlib/fpfix.c                0x00000000   Number         0  dfixul.o ABSOLUTE
    ../fplib/microlib/fpmul.c                0x00000000   Number         0  dmul.o ABSOLUTE
    I2C_SW.c                                 0x00000000   Number         0  i2c_sw.o ABSOLUTE
    cdrcmple.s                               0x00000000   Number         0  cdrcmple.o ABSOLUTE
    dc.s                                     0x00000000   Number         0  dc.o ABSOLUTE
    dma.c                                    0x00000000   Number         0  dma.o ABSOLUTE
    gpio.c                                   0x00000000   Number         0  gpio.o ABSOLUTE
    handlers.s                               0x00000000   Number         0  handlers.o ABSOLUTE
    init.s                                   0x00000000   Number         0  init.o ABSOLUTE
    main.c                                   0x00000000   Number         0  main.o ABSOLUTE
    startup_stm32f103xb.s                    0x00000000   Number         0  startup_stm32f103xb.o ABSOLUTE
    stm32f1xx_hal.c                          0x00000000   Number         0  stm32f1xx_hal.o ABSOLUTE
    stm32f1xx_hal_cortex.c                   0x00000000   Number         0  stm32f1xx_hal_cortex.o ABSOLUTE
    stm32f1xx_hal_dma.c                      0x00000000   Number         0  stm32f1xx_hal_dma.o ABSOLUTE
    stm32f1xx_hal_exti.c                     0x00000000   Number         0  stm32f1xx_hal_exti.o ABSOLUTE
    stm32f1xx_hal_flash.c                    0x00000000   Number         0  stm32f1xx_hal_flash.o ABSOLUTE
    stm32f1xx_hal_flash_ex.c                 0x00000000   Number         0  stm32f1xx_hal_flash_ex.o ABSOLUTE
    stm32f1xx_hal_gpio.c                     0x00000000   Number         0  stm32f1xx_hal_gpio.o ABSOLUTE
    stm32f1xx_hal_gpio_ex.c                  0x00000000   Number         0  stm32f1xx_hal_gpio_ex.o ABSOLUTE
    stm32f1xx_hal_msp.c                      0x00000000   Number         0  stm32f1xx_hal_msp.o ABSOLUTE
    stm32f1xx_hal_pwr.c                      0x00000000   Number         0  stm32f1xx_hal_pwr.o ABSOLUTE
    stm32f1xx_hal_rcc.c                      0x00000000   Number         0  stm32f1xx_hal_rcc.o ABSOLUTE
    stm32f1xx_hal_rcc_ex.c                   0x00000000   Number         0  stm32f1xx_hal_rcc_ex.o ABSOLUTE
    stm32f1xx_hal_tim.c                      0x00000000   Number         0  stm32f1xx_hal_tim.o ABSOLUTE
    stm32f1xx_hal_tim_ex.c                   0x00000000   Number         0  stm32f1xx_hal_tim_ex.o ABSOLUTE
    stm32f1xx_hal_uart.c                     0x00000000   Number         0  stm32f1xx_hal_uart.o ABSOLUTE
    stm32f1xx_it.c                           0x00000000   Number         0  stm32f1xx_it.o ABSOLUTE
    system_stm32f1xx.c                       0x00000000   Number         0  system_stm32f1xx.o ABSOLUTE
    tim.c                                    0x00000000   Number         0  tim.o ABSOLUTE
    usart.c                                  0x00000000   Number         0  usart.o ABSOLUTE
    RESET                                    0x08000000   Section      236  startup_stm32f103xb.o(RESET)
    .ARM.Collect$$$$00000000                 0x080000ec   Section        0  entry.o(.ARM.Collect$$$$00000000)
    .ARM.Collect$$$$00000001                 0x080000ec   Section        4  entry2.o(.ARM.Collect$$$$00000001)
    .ARM.Collect$$$$00000004                 0x080000f0   Section        4  entry5.o(.ARM.Collect$$$$00000004)
    .ARM.Collect$$$$00000008                 0x080000f4   Section        0  entry7b.o(.ARM.Collect$$$$00000008)
    .ARM.Collect$$$$0000000A                 0x080000f4   Section        0  entry8b.o(.ARM.Collect$$$$0000000A)
    .ARM.Collect$$$$0000000B                 0x080000f4   Section        8  entry9a.o(.ARM.Collect$$$$0000000B)
    __lit__00000000                          0x080000fc   Data           4  entry2.o(.ARM.Collect$$$$00002712)
    .ARM.Collect$$$$0000000D                 0x080000fc   Section        0  entry10a.o(.ARM.Collect$$$$0000000D)
    .ARM.Collect$$$$0000000F                 0x080000fc   Section        0  entry11a.o(.ARM.Collect$$$$0000000F)
    .ARM.Collect$$$$00002712                 0x080000fc   Section        4  entry2.o(.ARM.Collect$$$$00002712)
    .text                                    0x08000100   Section       36  startup_stm32f103xb.o(.text)
    .text                                    0x08000124   Section        0  memseta.o(.text)
    .text                                    0x08000148   Section        0  strlen.o(.text)
    .text                                    0x08000156   Section        0  uidiv.o(.text)
    .text                                    0x08000184   Section       36  init.o(.text)
    .text                                    0x080001a8   Section        0  __dclz77c.o(.text)
    [Anonymous Symbol]                       0x08000206   Section        0  stm32f1xx_it.o(.text.BusFault_Handler)
    [Anonymous Symbol]                       0x08000208   Section        0  stm32f1xx_it.o(.text.DMA1_Channel4_IRQHandler)
    __arm_cp.9_0                             0x08000210   Number         4  stm32f1xx_it.o(.text.DMA1_Channel4_IRQHandler)
    [Anonymous Symbol]                       0x08000214   Section        0  stm32f1xx_it.o(.text.DMA1_Channel5_IRQHandler)
    __arm_cp.10_0                            0x0800021c   Number         4  stm32f1xx_it.o(.text.DMA1_Channel5_IRQHandler)
    DMA_SetConfig                            0x08000221   Thumb Code    38  stm32f1xx_hal_dma.o(.text.DMA_SetConfig)
    [Anonymous Symbol]                       0x08000220   Section        0  stm32f1xx_hal_dma.o(.text.DMA_SetConfig)
    [Anonymous Symbol]                       0x08000246   Section        0  stm32f1xx_it.o(.text.DebugMon_Handler)
    [Anonymous Symbol]                       0x08000248   Section        0  main.o(.text.Error_Handler)
    [Anonymous Symbol]                       0x08000250   Section        0  stm32f1xx_hal_dma.o(.text.HAL_DMA_Abort)
    [Anonymous Symbol]                       0x08000290   Section        0  stm32f1xx_hal_dma.o(.text.HAL_DMA_Abort_IT)
    [Anonymous Symbol]                       0x08000318   Section        0  stm32f1xx_hal_dma.o(.text.HAL_DMA_IRQHandler)
    __arm_cp.8_0                             0x08000438   Number         4  stm32f1xx_hal_dma.o(.text.HAL_DMA_IRQHandler)
    __arm_cp.8_1                             0x0800043c   Number         4  stm32f1xx_hal_dma.o(.text.HAL_DMA_IRQHandler)
    __arm_cp.8_2                             0x08000440   Number         4  stm32f1xx_hal_dma.o(.text.HAL_DMA_IRQHandler)
    __arm_cp.8_3                             0x08000444   Number         4  stm32f1xx_hal_dma.o(.text.HAL_DMA_IRQHandler)
    __arm_cp.8_4                             0x08000448   Number         4  stm32f1xx_hal_dma.o(.text.HAL_DMA_IRQHandler)
    __arm_cp.8_5                             0x0800044c   Number         4  stm32f1xx_hal_dma.o(.text.HAL_DMA_IRQHandler)
    [Anonymous Symbol]                       0x08000450   Section        0  stm32f1xx_hal_dma.o(.text.HAL_DMA_Init)
    __arm_cp.0_0                             0x080004b4   Number         4  stm32f1xx_hal_dma.o(.text.HAL_DMA_Init)
    __arm_cp.0_1                             0x080004b8   Number         4  stm32f1xx_hal_dma.o(.text.HAL_DMA_Init)
    [Anonymous Symbol]                       0x080004bc   Section        0  stm32f1xx_hal_dma.o(.text.HAL_DMA_Start_IT)
    [Anonymous Symbol]                       0x08000524   Section        0  stm32f1xx_hal_gpio.o(.text.HAL_GPIO_Init)
    __arm_cp.0_0                             0x08000690   Number         4  stm32f1xx_hal_gpio.o(.text.HAL_GPIO_Init)
    __arm_cp.0_1                             0x08000694   Number         4  stm32f1xx_hal_gpio.o(.text.HAL_GPIO_Init)
    __arm_cp.0_2                             0x08000698   Number         4  stm32f1xx_hal_gpio.o(.text.HAL_GPIO_Init)
    __arm_cp.0_4                             0x0800069c   Number         4  stm32f1xx_hal_gpio.o(.text.HAL_GPIO_Init)
    __arm_cp.0_5                             0x080006a0   Number         4  stm32f1xx_hal_gpio.o(.text.HAL_GPIO_Init)
    __arm_cp.0_6                             0x080006a4   Number         4  stm32f1xx_hal_gpio.o(.text.HAL_GPIO_Init)
    __arm_cp.0_7                             0x080006a8   Number         4  stm32f1xx_hal_gpio.o(.text.HAL_GPIO_Init)
    __arm_cp.0_8                             0x080006ac   Number         4  stm32f1xx_hal_gpio.o(.text.HAL_GPIO_Init)
    __arm_cp.0_9                             0x080006b0   Number         4  stm32f1xx_hal_gpio.o(.text.HAL_GPIO_Init)
    __arm_cp.0_10                            0x080006b4   Number         4  stm32f1xx_hal_gpio.o(.text.HAL_GPIO_Init)
    __arm_cp.0_11                            0x080006b8   Number         4  stm32f1xx_hal_gpio.o(.text.HAL_GPIO_Init)
    __arm_cp.0_12                            0x080006bc   Number         4  stm32f1xx_hal_gpio.o(.text.HAL_GPIO_Init)
    [Anonymous Symbol]                       0x080006c0   Section        0  stm32f1xx_hal_gpio.o(.text.HAL_GPIO_ReadPin)
    [Anonymous Symbol]                       0x080006ca   Section        0  stm32f1xx_hal_gpio.o(.text.HAL_GPIO_TogglePin)
    [Anonymous Symbol]                       0x080006da   Section        0  stm32f1xx_hal_gpio.o(.text.HAL_GPIO_WritePin)
    [Anonymous Symbol]                       0x080006e4   Section        0  stm32f1xx_hal.o(.text.HAL_GetTick)
    [Anonymous Symbol]                       0x080006ec   Section        0  stm32f1xx_hal.o(.text.HAL_IncTick)
    __arm_cp.5_1                             0x080006fc   Number         4  stm32f1xx_hal.o(.text.HAL_IncTick)
    [Anonymous Symbol]                       0x08000700   Section        0  stm32f1xx_hal.o(.text.HAL_Init)
    [Anonymous Symbol]                       0x08000720   Section        0  stm32f1xx_hal.o(.text.HAL_InitTick)
    __arm_cp.1_0                             0x08000758   Number         4  stm32f1xx_hal.o(.text.HAL_InitTick)
    [Anonymous Symbol]                       0x0800075c   Section        0  stm32f1xx_hal_msp.o(.text.HAL_MspInit)
    __arm_cp.0_0                             0x08000794   Number         4  stm32f1xx_hal_msp.o(.text.HAL_MspInit)
    __arm_cp.0_1                             0x08000798   Number         4  stm32f1xx_hal_msp.o(.text.HAL_MspInit)
    [Anonymous Symbol]                       0x0800079c   Section        0  stm32f1xx_hal_cortex.o(.text.HAL_NVIC_EnableIRQ)
    __arm_cp.3_0                             0x080007b4   Number         4  stm32f1xx_hal_cortex.o(.text.HAL_NVIC_EnableIRQ)
    [Anonymous Symbol]                       0x080007b8   Section        0  stm32f1xx_hal_cortex.o(.text.HAL_NVIC_SetPriority)
    [Anonymous Symbol]                       0x080007f0   Section        0  stm32f1xx_hal_cortex.o(.text.HAL_NVIC_SetPriorityGrouping)
    __arm_cp.0_0                             0x08000808   Number         4  stm32f1xx_hal_cortex.o(.text.HAL_NVIC_SetPriorityGrouping)
    __arm_cp.0_1                             0x0800080c   Number         4  stm32f1xx_hal_cortex.o(.text.HAL_NVIC_SetPriorityGrouping)
    [Anonymous Symbol]                       0x08000810   Section        0  stm32f1xx_hal_rcc.o(.text.HAL_RCC_ClockConfig)
    __arm_cp.2_0                             0x0800093c   Number         4  stm32f1xx_hal_rcc.o(.text.HAL_RCC_ClockConfig)
    __arm_cp.2_2                             0x08000940   Number         4  stm32f1xx_hal_rcc.o(.text.HAL_RCC_ClockConfig)
    __arm_cp.2_4                             0x08000944   Number         4  stm32f1xx_hal_rcc.o(.text.HAL_RCC_ClockConfig)
    [Anonymous Symbol]                       0x08000948   Section        0  stm32f1xx_hal_rcc.o(.text.HAL_RCC_GetPCLK1Freq)
    [Anonymous Symbol]                       0x0800095c   Section        0  stm32f1xx_hal_rcc.o(.text.HAL_RCC_GetPCLK2Freq)
    __arm_cp.9_0                             0x08000970   Number         4  stm32f1xx_hal_rcc.o(.text.HAL_RCC_GetPCLK2Freq)
    __arm_cp.9_2                             0x08000974   Number         4  stm32f1xx_hal_rcc.o(.text.HAL_RCC_GetPCLK2Freq)
    [Anonymous Symbol]                       0x08000978   Section        0  stm32f1xx_hal_rcc.o(.text.HAL_RCC_GetSysClockFreq)
    __arm_cp.3_0                             0x080009ac   Number         4  stm32f1xx_hal_rcc.o(.text.HAL_RCC_GetSysClockFreq)
    __arm_cp.3_1                             0x080009b0   Number         4  stm32f1xx_hal_rcc.o(.text.HAL_RCC_GetSysClockFreq)
    HAL_RCC_GetSysClockFreq.aPLLMULFactorTable 0x080009b4   Number         0  stm32f1xx_hal_rcc.o(.text.HAL_RCC_GetSysClockFreq)
    HAL_RCC_GetSysClockFreq.aPredivFactorTable 0x080009c4   Number         0  stm32f1xx_hal_rcc.o(.text.HAL_RCC_GetSysClockFreq)
    __arm_cp.3_4                             0x080009c8   Number         4  stm32f1xx_hal_rcc.o(.text.HAL_RCC_GetSysClockFreq)
    [Anonymous Symbol]                       0x080009cc   Section        0  stm32f1xx_hal_rcc.o(.text.HAL_RCC_OscConfig)
    __arm_cp.1_0                             0x08000cf0   Number         4  stm32f1xx_hal_rcc.o(.text.HAL_RCC_OscConfig)
    __arm_cp.1_1                             0x08000cf4   Number         4  stm32f1xx_hal_rcc.o(.text.HAL_RCC_OscConfig)
    __arm_cp.1_2                             0x08000cf8   Number         4  stm32f1xx_hal_rcc.o(.text.HAL_RCC_OscConfig)
    __arm_cp.1_3                             0x08000cfc   Number         4  stm32f1xx_hal_rcc.o(.text.HAL_RCC_OscConfig)
    [Anonymous Symbol]                       0x08000d00   Section        0  stm32f1xx_hal_cortex.o(.text.HAL_SYSTICK_Config)
    __arm_cp.7_0                             0x08000d20   Number         4  stm32f1xx_hal_cortex.o(.text.HAL_SYSTICK_Config)
    __arm_cp.7_1                             0x08000d24   Number         4  stm32f1xx_hal_cortex.o(.text.HAL_SYSTICK_Config)
    [Anonymous Symbol]                       0x08000d28   Section        0  stm32f1xx_hal_tim_ex.o(.text.HAL_TIMEx_BreakCallback)
    [Anonymous Symbol]                       0x08000d2a   Section        0  stm32f1xx_hal_tim_ex.o(.text.HAL_TIMEx_CommutCallback)
    [Anonymous Symbol]                       0x08000d2c   Section        0  stm32f1xx_hal_tim_ex.o(.text.HAL_TIMEx_MasterConfigSynchronization)
    [Anonymous Symbol]                       0x08000d88   Section        0  stm32f1xx_hal_tim.o(.text.HAL_TIM_Base_Init)
    [Anonymous Symbol]                       0x08000de0   Section        0  tim.o(.text.HAL_TIM_Base_MspInit)
    __arm_cp.2_1                             0x08000e30   Number         4  tim.o(.text.HAL_TIM_Base_MspInit)
    [Anonymous Symbol]                       0x08000e34   Section        0  stm32f1xx_hal_tim.o(.text.HAL_TIM_Base_Start)
    __arm_cp.5_0                             0x08000e78   Number         4  stm32f1xx_hal_tim.o(.text.HAL_TIM_Base_Start)
    __arm_cp.5_1                             0x08000e7c   Number         4  stm32f1xx_hal_tim.o(.text.HAL_TIM_Base_Start)
    __arm_cp.5_2                             0x08000e80   Number         4  stm32f1xx_hal_tim.o(.text.HAL_TIM_Base_Start)
    [Anonymous Symbol]                       0x08000e84   Section        0  stm32f1xx_hal_tim.o(.text.HAL_TIM_ConfigClockSource)
    [Anonymous Symbol]                       0x08000f7a   Section        0  stm32f1xx_hal_tim.o(.text.HAL_TIM_IC_CaptureCallback)
    [Anonymous Symbol]                       0x08000f7c   Section        0  stm32f1xx_hal_tim.o(.text.HAL_TIM_IRQHandler)
    [Anonymous Symbol]                       0x080010e8   Section        0  stm32f1xx_hal_tim.o(.text.HAL_TIM_OC_DelayElapsedCallback)
    [Anonymous Symbol]                       0x080010ea   Section        0  stm32f1xx_hal_tim.o(.text.HAL_TIM_PWM_PulseFinishedCallback)
    [Anonymous Symbol]                       0x080010ec   Section        0  stm32f1xx_hal_tim.o(.text.HAL_TIM_PeriodElapsedCallback)
    [Anonymous Symbol]                       0x080010ee   Section        0  stm32f1xx_hal_tim.o(.text.HAL_TIM_TriggerCallback)
    [Anonymous Symbol]                       0x080010f0   Section        0  stm32f1xx_hal_uart.o(.text.HAL_UARTEx_RxEventCallback)
    [Anonymous Symbol]                       0x080010f2   Section        0  stm32f1xx_hal_uart.o(.text.HAL_UART_ErrorCallback)
    [Anonymous Symbol]                       0x080010f4   Section        0  stm32f1xx_hal_uart.o(.text.HAL_UART_IRQHandler)
    __arm_cp.42_0                            0x08001384   Number         4  stm32f1xx_hal_uart.o(.text.HAL_UART_IRQHandler)
    [Anonymous Symbol]                       0x08001388   Section        0  stm32f1xx_hal_uart.o(.text.HAL_UART_Init)
    [Anonymous Symbol]                       0x080013e8   Section        0  usart.o(.text.HAL_UART_MspInit)
    __arm_cp.1_0                             0x080014c4   Number         4  usart.o(.text.HAL_UART_MspInit)
    __arm_cp.1_2                             0x080014c8   Number         4  usart.o(.text.HAL_UART_MspInit)
    __arm_cp.1_3                             0x080014cc   Number         4  usart.o(.text.HAL_UART_MspInit)
    __arm_cp.1_4                             0x080014d0   Number         4  usart.o(.text.HAL_UART_MspInit)
    [Anonymous Symbol]                       0x080014d4   Section        0  stm32f1xx_hal_uart.o(.text.HAL_UART_RxCpltCallback)
    [Anonymous Symbol]                       0x080014d6   Section        0  stm32f1xx_hal_uart.o(.text.HAL_UART_Transmit)
    [Anonymous Symbol]                       0x0800157c   Section        0  stm32f1xx_hal_uart.o(.text.HAL_UART_Transmit_DMA)
    __arm_cp.14_0                            0x080015e0   Number         4  stm32f1xx_hal_uart.o(.text.HAL_UART_Transmit_DMA)
    __arm_cp.14_1                            0x080015e4   Number         4  stm32f1xx_hal_uart.o(.text.HAL_UART_Transmit_DMA)
    __arm_cp.14_2                            0x080015e8   Number         4  stm32f1xx_hal_uart.o(.text.HAL_UART_Transmit_DMA)
    [Anonymous Symbol]                       0x080015ec   Section        0  stm32f1xx_hal_uart.o(.text.HAL_UART_TxCpltCallback)
    [Anonymous Symbol]                       0x080015ee   Section        0  stm32f1xx_hal_uart.o(.text.HAL_UART_TxHalfCpltCallback)
    [Anonymous Symbol]                       0x080015f0   Section        0  stm32f1xx_it.o(.text.HardFault_Handler)
    [Anonymous Symbol]                       0x080015f4   Section        0  dma.o(.text.MX_DMA_Init)
    __arm_cp.0_0                             0x08001630   Number         4  dma.o(.text.MX_DMA_Init)
    [Anonymous Symbol]                       0x08001634   Section        0  gpio.o(.text.MX_GPIO_Init)
    __arm_cp.0_0                             0x080016ec   Number         4  gpio.o(.text.MX_GPIO_Init)
    __arm_cp.0_1                             0x080016f0   Number         4  gpio.o(.text.MX_GPIO_Init)
    __arm_cp.0_2                             0x080016f4   Number         4  gpio.o(.text.MX_GPIO_Init)
    __arm_cp.0_3                             0x080016f8   Number         4  gpio.o(.text.MX_GPIO_Init)
    [Anonymous Symbol]                       0x080016fc   Section        0  tim.o(.text.MX_TIM1_Init)
    __arm_cp.0_0                             0x0800175c   Number         4  tim.o(.text.MX_TIM1_Init)
    [Anonymous Symbol]                       0x08001760   Section        0  tim.o(.text.MX_TIM2_Init)
    [Anonymous Symbol]                       0x080017c4   Section        0  usart.o(.text.MX_USART1_UART_Init)
    __arm_cp.0_0                             0x080017f0   Number         4  usart.o(.text.MX_USART1_UART_Init)
    __arm_cp.0_1                             0x080017f4   Number         4  usart.o(.text.MX_USART1_UART_Init)
    [Anonymous Symbol]                       0x080017f8   Section        0  stm32f1xx_it.o(.text.MemManage_Handler)
    [Anonymous Symbol]                       0x080017fa   Section        0  stm32f1xx_it.o(.text.NMI_Handler)
    [Anonymous Symbol]                       0x080017fc   Section        0  stm32f1xx_it.o(.text.PendSV_Handler)
    [Anonymous Symbol]                       0x080017fe   Section        0  stm32f1xx_it.o(.text.SVC_Handler)
    [Anonymous Symbol]                       0x08001800   Section        0  stm32f1xx_it.o(.text.SysTick_Handler)
    [Anonymous Symbol]                       0x08001804   Section        0  main.o(.text.SystemClock_Config)
    [Anonymous Symbol]                       0x0800186a   Section        0  system_stm32f1xx.o(.text.SystemInit)
    [Anonymous Symbol]                       0x0800186c   Section        0  stm32f1xx_it.o(.text.TIM2_IRQHandler)
    __arm_cp.11_0                            0x08001874   Number         4  stm32f1xx_it.o(.text.TIM2_IRQHandler)
    [Anonymous Symbol]                       0x08001878   Section        0  stm32f1xx_hal_tim.o(.text.TIM_Base_SetConfig)
    __arm_cp.2_0                             0x080018dc   Number         4  stm32f1xx_hal_tim.o(.text.TIM_Base_SetConfig)
    __arm_cp.2_1                             0x080018e0   Number         4  stm32f1xx_hal_tim.o(.text.TIM_Base_SetConfig)
    __arm_cp.2_2                             0x080018e4   Number         4  stm32f1xx_hal_tim.o(.text.TIM_Base_SetConfig)
    TIM_TI1_ConfigInputStage                 0x080018e9   Thumb Code    34  stm32f1xx_hal_tim.o(.text.TIM_TI1_ConfigInputStage)
    [Anonymous Symbol]                       0x080018e8   Section        0  stm32f1xx_hal_tim.o(.text.TIM_TI1_ConfigInputStage)
    TIM_TI2_ConfigInputStage                 0x0800190b   Thumb Code    36  stm32f1xx_hal_tim.o(.text.TIM_TI2_ConfigInputStage)
    [Anonymous Symbol]                       0x0800190a   Section        0  stm32f1xx_hal_tim.o(.text.TIM_TI2_ConfigInputStage)
    UART_DMAAbortOnError                     0x0800192f   Thumb Code    12  stm32f1xx_hal_uart.o(.text.UART_DMAAbortOnError)
    [Anonymous Symbol]                       0x0800192e   Section        0  stm32f1xx_hal_uart.o(.text.UART_DMAAbortOnError)
    UART_DMAError                            0x0800193b   Thumb Code    78  stm32f1xx_hal_uart.o(.text.UART_DMAError)
    [Anonymous Symbol]                       0x0800193a   Section        0  stm32f1xx_hal_uart.o(.text.UART_DMAError)
    UART_DMATransmitCplt                     0x08001989   Thumb Code    60  stm32f1xx_hal_uart.o(.text.UART_DMATransmitCplt)
    [Anonymous Symbol]                       0x08001988   Section        0  stm32f1xx_hal_uart.o(.text.UART_DMATransmitCplt)
    UART_DMATxHalfCplt                       0x080019c5   Thumb Code     6  stm32f1xx_hal_uart.o(.text.UART_DMATxHalfCplt)
    [Anonymous Symbol]                       0x080019c4   Section        0  stm32f1xx_hal_uart.o(.text.UART_DMATxHalfCplt)
    UART_EndRxTransfer                       0x080019cb   Thumb Code    78  stm32f1xx_hal_uart.o(.text.UART_EndRxTransfer)
    [Anonymous Symbol]                       0x080019ca   Section        0  stm32f1xx_hal_uart.o(.text.UART_EndRxTransfer)
    UART_EndTxTransfer                       0x08001a19   Thumb Code    28  stm32f1xx_hal_uart.o(.text.UART_EndTxTransfer)
    [Anonymous Symbol]                       0x08001a18   Section        0  stm32f1xx_hal_uart.o(.text.UART_EndTxTransfer)
    UART_Receive_IT                          0x08001a35   Thumb Code   196  stm32f1xx_hal_uart.o(.text.UART_Receive_IT)
    [Anonymous Symbol]                       0x08001a34   Section        0  stm32f1xx_hal_uart.o(.text.UART_Receive_IT)
    UART_SetConfig                           0x08001af9   Thumb Code   128  stm32f1xx_hal_uart.o(.text.UART_SetConfig)
    [Anonymous Symbol]                       0x08001af8   Section        0  stm32f1xx_hal_uart.o(.text.UART_SetConfig)
    __arm_cp.2_0                             0x08001b74   Number         4  stm32f1xx_hal_uart.o(.text.UART_SetConfig)
    UART_WaitOnFlagUntilTimeout              0x08001b79   Thumb Code   110  stm32f1xx_hal_uart.o(.text.UART_WaitOnFlagUntilTimeout)
    [Anonymous Symbol]                       0x08001b78   Section        0  stm32f1xx_hal_uart.o(.text.UART_WaitOnFlagUntilTimeout)
    [Anonymous Symbol]                       0x08001be8   Section        0  stm32f1xx_it.o(.text.USART1_IRQHandler)
    [Anonymous Symbol]                       0x08001bf0   Section        0  stm32f1xx_it.o(.text.UsageFault_Handler)
    __NVIC_SetPriority                       0x08001bf5   Thumb Code    36  stm32f1xx_hal_cortex.o(.text.__NVIC_SetPriority)
    [Anonymous Symbol]                       0x08001bf4   Section        0  stm32f1xx_hal_cortex.o(.text.__NVIC_SetPriority)
    __arm_cp.2_0                             0x08001c10   Number         4  stm32f1xx_hal_cortex.o(.text.__NVIC_SetPriority)
    __arm_cp.2_1                             0x08001c14   Number         4  stm32f1xx_hal_cortex.o(.text.__NVIC_SetPriority)
    [Anonymous Symbol]                       0x08001c18   Section        0  i2c_sw.o(.text.delay_us)
    __arm_cp.1_0                             0x08001c28   Number         4  i2c_sw.o(.text.delay_us)
    [Anonymous Symbol]                       0x08001c2c   Section        0  main.o(.text.fputc)
    __arm_cp.8_0                             0x08001c44   Number         4  main.o(.text.fputc)
    [Anonymous Symbol]                       0x08001c48   Section        0  i2c_sw.o(.text.i2cReadByte)
    [Anonymous Symbol]                       0x08001d30   Section        0  i2c_sw.o(.text.i2cWriteByte)
    __arm_cp.9_0                             0x08001e0c   Number         4  i2c_sw.o(.text.i2cWriteByte)
    __arm_cp.9_1                             0x08001e10   Number         4  i2c_sw.o(.text.i2cWriteByte)
    [Anonymous Symbol]                       0x08001e14   Section        0  i2c_sw.o(.text.i2c_ack)
    [Anonymous Symbol]                       0x08001e60   Section        0  i2c_sw.o(.text.i2c_no_ack)
    [Anonymous Symbol]                       0x08001e98   Section        0  i2c_sw.o(.text.i2c_read)
    __arm_cp.4_1                             0x08001f0c   Number         4  i2c_sw.o(.text.i2c_read)
    [Anonymous Symbol]                       0x08001f10   Section        0  i2c_sw.o(.text.i2c_send)
    [Anonymous Symbol]                       0x08001f68   Section        0  i2c_sw.o(.text.i2c_start)
    [Anonymous Symbol]                       0x08001fac   Section        0  i2c_sw.o(.text.i2c_stop)
    __arm_cp.2_0                             0x08001fec   Number         4  i2c_sw.o(.text.i2c_stop)
    __arm_cp.2_1                             0x08001ff0   Number         4  i2c_sw.o(.text.i2c_stop)
    [Anonymous Symbol]                       0x08001ff4   Section        0  i2c_sw.o(.text.i2c_wit_ack)
    [Anonymous Symbol]                       0x08002060   Section        0  main.o(.text.main)
    __arm_cp.4_0                             0x080023bc   Number         4  main.o(.text.main)
    __arm_cp.4_1                             0x080023c0   Number         4  main.o(.text.main)
    __arm_cp.4_2                             0x080023c4   Number         4  main.o(.text.main)
    __arm_cp.4_3                             0x080023c8   Number         4  main.o(.text.main)
    __arm_cp.4_5                             0x080023e0   Number         4  main.o(.text.main)
    __arm_cp.4_6                             0x080023e4   Number         4  main.o(.text.main)
    __arm_cp.4_7                             0x080023e8   Number         4  main.o(.text.main)
    __arm_cp.4_8                             0x080023ec   Number         4  main.o(.text.main)
    __arm_cp.4_9                             0x080023f0   Number         4  main.o(.text.main)
    [Anonymous Symbol]                       0x080023f4   Section        0  main.o(.text.readSensorData)
    [Anonymous Symbol]                       0x08002468   Section        0  main.o(.text.sensorInit)
    __arm_cp.1_0                             0x080024d4   Number         4  main.o(.text.sensorInit)
    [Anonymous Symbol]                       0x080024d8   Section        0  main.o(.text.testSensor)
    __arm_cp.0_0                             0x0800259c   Number         4  main.o(.text.testSensor)
    i.__0sprintf$1                           0x080025a0   Section        0  printf1.o(i.__0sprintf$1)
    i.__scatterload_copy                     0x080025c8   Section       14  handlers.o(i.__scatterload_copy)
    i.__scatterload_null                     0x080025d6   Section        2  handlers.o(i.__scatterload_null)
    i.__scatterload_zeroinit                 0x080025d8   Section       14  handlers.o(i.__scatterload_zeroinit)
    _printf_core                             0x080025e9   Thumb Code   336  printf1.o(i._printf_core)
    i._printf_core                           0x080025e8   Section        0  printf1.o(i._printf_core)
    _sputc                                   0x0800273d   Thumb Code    10  printf1.o(i._sputc)
    i._sputc                                 0x0800273c   Section        0  printf1.o(i._sputc)
    i.puts                                   0x08002748   Section        0  puts.o(i.puts)
    .Lstr.7                                  0x08002784   Data          14  i2c_sw.o(.rodata.str1.1)
    [Anonymous Symbol]                       0x08002784   Section        0  i2c_sw.o(.rodata.str1.1)
    .Lstr.4                                  0x0800278b   Data           7  i2c_sw.o(.rodata.str1.1)
    .Lstr.6                                  0x0800278b   Data           7  i2c_sw.o(.rodata.str1.1)
    .L.str.2                                 0x08002792   Data         232  main.o(.rodata.str1.1)
    [Anonymous Symbol]                       0x08002792   Section        0  main.o(.rodata.str1.1)
    .data                                    0x20000000   Section        4  stdout.o(.data)
    [Anonymous Symbol]                       0x20000004   Section        0  stm32f1xx_hal.o(.data..L_MergedGlobals)
    i2c_read.dat                             0x20000308   Data           1  i2c_sw.o(.bss.i2c_read.dat)
    [Anonymous Symbol]                       0x20000308   Section        0  i2c_sw.o(.bss.i2c_read.dat)
    STACK                                    0x20000888   Section     1024  startup_stm32f103xb.o(STACK)

    Global Symbols

    Symbol Name                              Value     Ov Type        Size  Object(Section)

    BuildAttributes$$THM_ISAv4$P$D$K$B$S$PE$A:L22UL41UL21$X:L11$S22US41US21$IEEE1$IW$~IW$USESV6$~STKCKD$USESV7$~SHL$OSPACE$ROPI$EBA8$MICROLIB$REQ8$PRES8$EABIv2 0x00000000   Number         0  anon$$obj.o ABSOLUTE
    _printf_a                                0x00000000   Number         0  printfstubs.o ABSOLUTE
    _printf_c                                0x00000000   Number         0  printfstubs.o ABSOLUTE
    _printf_charcount                        0x00000000   Number         0  printfstubs.o ABSOLUTE
    _printf_d                                0x00000000   Number         0  printfstubs.o ABSOLUTE
    _printf_e                                0x00000000   Number         0  printfstubs.o ABSOLUTE
    _printf_f                                0x00000000   Number         0  printfstubs.o ABSOLUTE
    _printf_flags                            0x00000000   Number         0  printfstubs.o ABSOLUTE
    _printf_fp_dec                           0x00000000   Number         0  printfstubs.o ABSOLUTE
    _printf_fp_hex                           0x00000000   Number         0  printfstubs.o ABSOLUTE
    _printf_g                                0x00000000   Number         0  printfstubs.o ABSOLUTE
    _printf_i                                0x00000000   Number         0  printfstubs.o ABSOLUTE
    _printf_int_dec                          0x00000000   Number         0  printfstubs.o ABSOLUTE
    _printf_l                                0x00000000   Number         0  printfstubs.o ABSOLUTE
    _printf_lc                               0x00000000   Number         0  printfstubs.o ABSOLUTE
    _printf_ll                               0x00000000   Number         0  printfstubs.o ABSOLUTE
    _printf_lld                              0x00000000   Number         0  printfstubs.o ABSOLUTE
    _printf_lli                              0x00000000   Number         0  printfstubs.o ABSOLUTE
    _printf_llo                              0x00000000   Number         0  printfstubs.o ABSOLUTE
    _printf_llu                              0x00000000   Number         0  printfstubs.o ABSOLUTE
    _printf_llx                              0x00000000   Number         0  printfstubs.o ABSOLUTE
    _printf_longlong_dec                     0x00000000   Number         0  printfstubs.o ABSOLUTE
    _printf_longlong_hex                     0x00000000   Number         0  printfstubs.o ABSOLUTE
    _printf_longlong_oct                     0x00000000   Number         0  printfstubs.o ABSOLUTE
    _printf_ls                               0x00000000   Number         0  printfstubs.o ABSOLUTE
    _printf_mbtowc                           0x00000000   Number         0  printfstubs.o ABSOLUTE
    _printf_n                                0x00000000   Number         0  printfstubs.o ABSOLUTE
    _printf_o                                0x00000000   Number         0  printfstubs.o ABSOLUTE
    _printf_p                                0x00000000   Number         0  printfstubs.o ABSOLUTE
    _printf_percent                          0x00000000   Number         0  printfstubs.o ABSOLUTE
    _printf_pre_padding                      0x00000000   Number         0  printfstubs.o ABSOLUTE
    _printf_return_value                     0x00000000   Number         0  printfstubs.o ABSOLUTE
    _printf_s                                0x00000000   Number         0  printfstubs.o ABSOLUTE
    _printf_sizespec                         0x00000000   Number         0  printfstubs.o ABSOLUTE
    _printf_str                              0x00000000   Number         0  printfstubs.o ABSOLUTE
    _printf_truncate_signed                  0x00000000   Number         0  printfstubs.o ABSOLUTE
    _printf_truncate_unsigned                0x00000000   Number         0  printfstubs.o ABSOLUTE
    _printf_u                                0x00000000   Number         0  printfstubs.o ABSOLUTE
    _printf_wc                               0x00000000   Number         0  printfstubs.o ABSOLUTE
    _printf_wctomb                           0x00000000   Number         0  printfstubs.o ABSOLUTE
    _printf_widthprec                        0x00000000   Number         0  printfstubs.o ABSOLUTE
    _printf_x                                0x00000000   Number         0  printfstubs.o ABSOLUTE
    __cpp_initialize__aeabi_                  - Undefined Weak Reference
    __cxa_finalize                            - Undefined Weak Reference
    _clock_init                               - Undefined Weak Reference
    _microlib_exit                            - Undefined Weak Reference
    __Vectors_Size                           0x000000ec   Number         0  startup_stm32f103xb.o ABSOLUTE
    __Vectors                                0x08000000   Data           4  startup_stm32f103xb.o(RESET)
    __Vectors_End                            0x080000ec   Data           0  startup_stm32f103xb.o(RESET)
    __main                                   0x080000ed   Thumb Code     0  entry.o(.ARM.Collect$$$$00000000)
    _main_stk                                0x080000ed   Thumb Code     0  entry2.o(.ARM.Collect$$$$00000001)
    _main_scatterload                        0x080000f1   Thumb Code     0  entry5.o(.ARM.Collect$$$$00000004)
    __main_after_scatterload                 0x080000f5   Thumb Code     0  entry5.o(.ARM.Collect$$$$00000004)
    _main_clock                              0x080000f5   Thumb Code     0  entry7b.o(.ARM.Collect$$$$00000008)
    _main_cpp_init                           0x080000f5   Thumb Code     0  entry8b.o(.ARM.Collect$$$$0000000A)
    _main_init                               0x080000f5   Thumb Code     0  entry9a.o(.ARM.Collect$$$$0000000B)
    __rt_final_cpp                           0x080000fd   Thumb Code     0  entry10a.o(.ARM.Collect$$$$0000000D)
    __rt_final_exit                          0x080000fd   Thumb Code     0  entry11a.o(.ARM.Collect$$$$0000000F)
    Reset_Handler                            0x08000101   Thumb Code     8  startup_stm32f103xb.o(.text)
    ADC1_2_IRQHandler                        0x0800011b   Thumb Code     0  startup_stm32f103xb.o(.text)
    CAN1_RX1_IRQHandler                      0x0800011b   Thumb Code     0  startup_stm32f103xb.o(.text)
    CAN1_SCE_IRQHandler                      0x0800011b   Thumb Code     0  startup_stm32f103xb.o(.text)
    DMA1_Channel1_IRQHandler                 0x0800011b   Thumb Code     0  startup_stm32f103xb.o(.text)
    DMA1_Channel2_IRQHandler                 0x0800011b   Thumb Code     0  startup_stm32f103xb.o(.text)
    DMA1_Channel3_IRQHandler                 0x0800011b   Thumb Code     0  startup_stm32f103xb.o(.text)
    DMA1_Channel6_IRQHandler                 0x0800011b   Thumb Code     0  startup_stm32f103xb.o(.text)
    DMA1_Channel7_IRQHandler                 0x0800011b   Thumb Code     0  startup_stm32f103xb.o(.text)
    EXTI0_IRQHandler                         0x0800011b   Thumb Code     0  startup_stm32f103xb.o(.text)
    EXTI15_10_IRQHandler                     0x0800011b   Thumb Code     0  startup_stm32f103xb.o(.text)
    EXTI1_IRQHandler                         0x0800011b   Thumb Code     0  startup_stm32f103xb.o(.text)
    EXTI2_IRQHandler                         0x0800011b   Thumb Code     0  startup_stm32f103xb.o(.text)
    EXTI3_IRQHandler                         0x0800011b   Thumb Code     0  startup_stm32f103xb.o(.text)
    EXTI4_IRQHandler                         0x0800011b   Thumb Code     0  startup_stm32f103xb.o(.text)
    EXTI9_5_IRQHandler                       0x0800011b   Thumb Code     0  startup_stm32f103xb.o(.text)
    FLASH_IRQHandler                         0x0800011b   Thumb Code     0  startup_stm32f103xb.o(.text)
    I2C1_ER_IRQHandler                       0x0800011b   Thumb Code     0  startup_stm32f103xb.o(.text)
    I2C1_EV_IRQHandler                       0x0800011b   Thumb Code     0  startup_stm32f103xb.o(.text)
    I2C2_ER_IRQHandler                       0x0800011b   Thumb Code     0  startup_stm32f103xb.o(.text)
    I2C2_EV_IRQHandler                       0x0800011b   Thumb Code     0  startup_stm32f103xb.o(.text)
    PVD_IRQHandler                           0x0800011b   Thumb Code     0  startup_stm32f103xb.o(.text)
    RCC_IRQHandler                           0x0800011b   Thumb Code     0  startup_stm32f103xb.o(.text)
    RTC_Alarm_IRQHandler                     0x0800011b   Thumb Code     0  startup_stm32f103xb.o(.text)
    RTC_IRQHandler                           0x0800011b   Thumb Code     0  startup_stm32f103xb.o(.text)
    SPI1_IRQHandler                          0x0800011b   Thumb Code     0  startup_stm32f103xb.o(.text)
    SPI2_IRQHandler                          0x0800011b   Thumb Code     0  startup_stm32f103xb.o(.text)
    TAMPER_IRQHandler                        0x0800011b   Thumb Code     0  startup_stm32f103xb.o(.text)
    TIM1_BRK_IRQHandler                      0x0800011b   Thumb Code     0  startup_stm32f103xb.o(.text)
    TIM1_CC_IRQHandler                       0x0800011b   Thumb Code     0  startup_stm32f103xb.o(.text)
    TIM1_TRG_COM_IRQHandler                  0x0800011b   Thumb Code     0  startup_stm32f103xb.o(.text)
    TIM1_UP_IRQHandler                       0x0800011b   Thumb Code     0  startup_stm32f103xb.o(.text)
    TIM3_IRQHandler                          0x0800011b   Thumb Code     0  startup_stm32f103xb.o(.text)
    TIM4_IRQHandler                          0x0800011b   Thumb Code     0  startup_stm32f103xb.o(.text)
    USART2_IRQHandler                        0x0800011b   Thumb Code     0  startup_stm32f103xb.o(.text)
    USART3_IRQHandler                        0x0800011b   Thumb Code     0  startup_stm32f103xb.o(.text)
    USBWakeUp_IRQHandler                     0x0800011b   Thumb Code     0  startup_stm32f103xb.o(.text)
    USB_HP_CAN1_TX_IRQHandler                0x0800011b   Thumb Code     0  startup_stm32f103xb.o(.text)
    USB_LP_CAN1_RX0_IRQHandler               0x0800011b   Thumb Code     0  startup_stm32f103xb.o(.text)
    WWDG_IRQHandler                          0x0800011b   Thumb Code     0  startup_stm32f103xb.o(.text)
    __aeabi_memset                           0x08000125   Thumb Code    14  memseta.o(.text)
    __aeabi_memset4                          0x08000125   Thumb Code     0  memseta.o(.text)
    __aeabi_memset8                          0x08000125   Thumb Code     0  memseta.o(.text)
    __aeabi_memclr                           0x08000133   Thumb Code     4  memseta.o(.text)
    __aeabi_memclr4                          0x08000133   Thumb Code     0  memseta.o(.text)
    __aeabi_memclr8                          0x08000133   Thumb Code     0  memseta.o(.text)
    _memset$wrapper                          0x08000137   Thumb Code    18  memseta.o(.text)
    strlen                                   0x08000149   Thumb Code    14  strlen.o(.text)
    __aeabi_uidiv                            0x08000157   Thumb Code     0  uidiv.o(.text)
    __aeabi_uidivmod                         0x08000157   Thumb Code    44  uidiv.o(.text)
    __scatterload                            0x08000185   Thumb Code    28  init.o(.text)
    __scatterload_rt2                        0x08000185   Thumb Code     0  init.o(.text)
    __decompress                             0x080001a9   Thumb Code     0  __dclz77c.o(.text)
    __decompress2                            0x080001a9   Thumb Code    94  __dclz77c.o(.text)
    BusFault_Handler                         0x08000207   Thumb Code     2  stm32f1xx_it.o(.text.BusFault_Handler)
    DMA1_Channel4_IRQHandler                 0x08000209   Thumb Code    12  stm32f1xx_it.o(.text.DMA1_Channel4_IRQHandler)
    DMA1_Channel5_IRQHandler                 0x08000215   Thumb Code    12  stm32f1xx_it.o(.text.DMA1_Channel5_IRQHandler)
    DebugMon_Handler                         0x08000247   Thumb Code     2  stm32f1xx_it.o(.text.DebugMon_Handler)
    Error_Handler                            0x08000249   Thumb Code     8  main.o(.text.Error_Handler)
    HAL_DMA_Abort                            0x08000251   Thumb Code    64  stm32f1xx_hal_dma.o(.text.HAL_DMA_Abort)
    HAL_DMA_Abort_IT                         0x08000291   Thumb Code   136  stm32f1xx_hal_dma.o(.text.HAL_DMA_Abort_IT)
    HAL_DMA_IRQHandler                       0x08000319   Thumb Code   312  stm32f1xx_hal_dma.o(.text.HAL_DMA_IRQHandler)
    HAL_DMA_Init                             0x08000451   Thumb Code   108  stm32f1xx_hal_dma.o(.text.HAL_DMA_Init)
    HAL_DMA_Start_IT                         0x080004bd   Thumb Code   102  stm32f1xx_hal_dma.o(.text.HAL_DMA_Start_IT)
    HAL_GPIO_Init                            0x08000525   Thumb Code   412  stm32f1xx_hal_gpio.o(.text.HAL_GPIO_Init)
    HAL_GPIO_ReadPin                         0x080006c1   Thumb Code    10  stm32f1xx_hal_gpio.o(.text.HAL_GPIO_ReadPin)
    HAL_GPIO_TogglePin                       0x080006cb   Thumb Code    16  stm32f1xx_hal_gpio.o(.text.HAL_GPIO_TogglePin)
    HAL_GPIO_WritePin                        0x080006db   Thumb Code    10  stm32f1xx_hal_gpio.o(.text.HAL_GPIO_WritePin)
    HAL_GetTick                              0x080006e5   Thumb Code     8  stm32f1xx_hal.o(.text.HAL_GetTick)
    HAL_IncTick                              0x080006ed   Thumb Code    20  stm32f1xx_hal.o(.text.HAL_IncTick)
    HAL_Init                                 0x08000701   Thumb Code    32  stm32f1xx_hal.o(.text.HAL_Init)
    HAL_InitTick                             0x08000721   Thumb Code    60  stm32f1xx_hal.o(.text.HAL_InitTick)
    HAL_MspInit                              0x0800075d   Thumb Code    64  stm32f1xx_hal_msp.o(.text.HAL_MspInit)
    HAL_NVIC_EnableIRQ                       0x0800079d   Thumb Code    28  stm32f1xx_hal_cortex.o(.text.HAL_NVIC_EnableIRQ)
    HAL_NVIC_SetPriority                     0x080007b9   Thumb Code    56  stm32f1xx_hal_cortex.o(.text.HAL_NVIC_SetPriority)
    HAL_NVIC_SetPriorityGrouping             0x080007f1   Thumb Code    32  stm32f1xx_hal_cortex.o(.text.HAL_NVIC_SetPriorityGrouping)
    HAL_RCC_ClockConfig                      0x08000811   Thumb Code   312  stm32f1xx_hal_rcc.o(.text.HAL_RCC_ClockConfig)
    HAL_RCC_GetPCLK1Freq                     0x08000949   Thumb Code    20  stm32f1xx_hal_rcc.o(.text.HAL_RCC_GetPCLK1Freq)
    HAL_RCC_GetPCLK2Freq                     0x0800095d   Thumb Code    28  stm32f1xx_hal_rcc.o(.text.HAL_RCC_GetPCLK2Freq)
    HAL_RCC_GetSysClockFreq                  0x08000979   Thumb Code    84  stm32f1xx_hal_rcc.o(.text.HAL_RCC_GetSysClockFreq)
    HAL_RCC_OscConfig                        0x080009cd   Thumb Code   820  stm32f1xx_hal_rcc.o(.text.HAL_RCC_OscConfig)
    HAL_SYSTICK_Config                       0x08000d01   Thumb Code    40  stm32f1xx_hal_cortex.o(.text.HAL_SYSTICK_Config)
    HAL_TIMEx_BreakCallback                  0x08000d29   Thumb Code     2  stm32f1xx_hal_tim_ex.o(.text.HAL_TIMEx_BreakCallback)
    HAL_TIMEx_CommutCallback                 0x08000d2b   Thumb Code     2  stm32f1xx_hal_tim_ex.o(.text.HAL_TIMEx_CommutCallback)
    HAL_TIMEx_MasterConfigSynchronization    0x08000d2d   Thumb Code    92  stm32f1xx_hal_tim_ex.o(.text.HAL_TIMEx_MasterConfigSynchronization)
    HAL_TIM_Base_Init                        0x08000d89   Thumb Code    88  stm32f1xx_hal_tim.o(.text.HAL_TIM_Base_Init)
    HAL_TIM_Base_MspInit                     0x08000de1   Thumb Code    84  tim.o(.text.HAL_TIM_Base_MspInit)
    HAL_TIM_Base_Start                       0x08000e35   Thumb Code    80  stm32f1xx_hal_tim.o(.text.HAL_TIM_Base_Start)
    HAL_TIM_ConfigClockSource                0x08000e85   Thumb Code   246  stm32f1xx_hal_tim.o(.text.HAL_TIM_ConfigClockSource)
    HAL_TIM_IC_CaptureCallback               0x08000f7b   Thumb Code     2  stm32f1xx_hal_tim.o(.text.HAL_TIM_IC_CaptureCallback)
    HAL_TIM_IRQHandler                       0x08000f7d   Thumb Code   364  stm32f1xx_hal_tim.o(.text.HAL_TIM_IRQHandler)
    HAL_TIM_OC_DelayElapsedCallback          0x080010e9   Thumb Code     2  stm32f1xx_hal_tim.o(.text.HAL_TIM_OC_DelayElapsedCallback)
    HAL_TIM_PWM_PulseFinishedCallback        0x080010eb   Thumb Code     2  stm32f1xx_hal_tim.o(.text.HAL_TIM_PWM_PulseFinishedCallback)
    HAL_TIM_PeriodElapsedCallback            0x080010ed   Thumb Code     2  stm32f1xx_hal_tim.o(.text.HAL_TIM_PeriodElapsedCallback)
    HAL_TIM_TriggerCallback                  0x080010ef   Thumb Code     2  stm32f1xx_hal_tim.o(.text.HAL_TIM_TriggerCallback)
    HAL_UARTEx_RxEventCallback               0x080010f1   Thumb Code     2  stm32f1xx_hal_uart.o(.text.HAL_UARTEx_RxEventCallback)
    HAL_UART_ErrorCallback                   0x080010f3   Thumb Code     2  stm32f1xx_hal_uart.o(.text.HAL_UART_ErrorCallback)
    HAL_UART_IRQHandler                      0x080010f5   Thumb Code   660  stm32f1xx_hal_uart.o(.text.HAL_UART_IRQHandler)
    HAL_UART_Init                            0x08001389   Thumb Code    94  stm32f1xx_hal_uart.o(.text.HAL_UART_Init)
    HAL_UART_MspInit                         0x080013e9   Thumb Code   236  usart.o(.text.HAL_UART_MspInit)
    HAL_UART_RxCpltCallback                  0x080014d5   Thumb Code     2  stm32f1xx_hal_uart.o(.text.HAL_UART_RxCpltCallback)
    HAL_UART_Transmit                        0x080014d7   Thumb Code   166  stm32f1xx_hal_uart.o(.text.HAL_UART_Transmit)
    HAL_UART_Transmit_DMA                    0x0800157d   Thumb Code   112  stm32f1xx_hal_uart.o(.text.HAL_UART_Transmit_DMA)
    HAL_UART_TxCpltCallback                  0x080015ed   Thumb Code     2  stm32f1xx_hal_uart.o(.text.HAL_UART_TxCpltCallback)
    HAL_UART_TxHalfCpltCallback              0x080015ef   Thumb Code     2  stm32f1xx_hal_uart.o(.text.HAL_UART_TxHalfCpltCallback)
    HardFault_Handler                        0x080015f1   Thumb Code     2  stm32f1xx_it.o(.text.HardFault_Handler)
    MX_DMA_Init                              0x080015f5   Thumb Code    64  dma.o(.text.MX_DMA_Init)
    MX_GPIO_Init                             0x08001635   Thumb Code   200  gpio.o(.text.MX_GPIO_Init)
    MX_TIM1_Init                             0x080016fd   Thumb Code   100  tim.o(.text.MX_TIM1_Init)
    MX_TIM2_Init                             0x08001761   Thumb Code   100  tim.o(.text.MX_TIM2_Init)
    MX_USART1_UART_Init                      0x080017c5   Thumb Code    52  usart.o(.text.MX_USART1_UART_Init)
    MemManage_Handler                        0x080017f9   Thumb Code     2  stm32f1xx_it.o(.text.MemManage_Handler)
    NMI_Handler                              0x080017fb   Thumb Code     2  stm32f1xx_it.o(.text.NMI_Handler)
    PendSV_Handler                           0x080017fd   Thumb Code     2  stm32f1xx_it.o(.text.PendSV_Handler)
    SVC_Handler                              0x080017ff   Thumb Code     2  stm32f1xx_it.o(.text.SVC_Handler)
    SysTick_Handler                          0x08001801   Thumb Code     4  stm32f1xx_it.o(.text.SysTick_Handler)
    SystemClock_Config                       0x08001805   Thumb Code   102  main.o(.text.SystemClock_Config)
    SystemInit                               0x0800186b   Thumb Code     2  system_stm32f1xx.o(.text.SystemInit)
    TIM2_IRQHandler                          0x0800186d   Thumb Code    12  stm32f1xx_it.o(.text.TIM2_IRQHandler)
    TIM_Base_SetConfig                       0x08001879   Thumb Code   112  stm32f1xx_hal_tim.o(.text.TIM_Base_SetConfig)
    USART1_IRQHandler                        0x08001be9   Thumb Code     8  stm32f1xx_it.o(.text.USART1_IRQHandler)
    UsageFault_Handler                       0x08001bf1   Thumb Code     2  stm32f1xx_it.o(.text.UsageFault_Handler)
    delay_us                                 0x08001c19   Thumb Code    20  i2c_sw.o(.text.delay_us)
    fputc                                    0x08001c2d   Thumb Code    28  main.o(.text.fputc)
    i2cReadByte                              0x08001c49   Thumb Code   232  i2c_sw.o(.text.i2cReadByte)
    i2cWriteByte                             0x08001d31   Thumb Code   228  i2c_sw.o(.text.i2cWriteByte)
    i2c_ack                                  0x08001e15   Thumb Code    76  i2c_sw.o(.text.i2c_ack)
    i2c_no_ack                               0x08001e61   Thumb Code    56  i2c_sw.o(.text.i2c_no_ack)
    i2c_read                                 0x08001e99   Thumb Code   120  i2c_sw.o(.text.i2c_read)
    i2c_send                                 0x08001f11   Thumb Code    88  i2c_sw.o(.text.i2c_send)
    i2c_start                                0x08001f69   Thumb Code    68  i2c_sw.o(.text.i2c_start)
    i2c_stop                                 0x08001fad   Thumb Code    72  i2c_sw.o(.text.i2c_stop)
    i2c_wit_ack                              0x08001ff5   Thumb Code   108  i2c_sw.o(.text.i2c_wit_ack)
    main                                     0x08002061   Thumb Code   916  main.o(.text.main)
    readSensorData                           0x080023f5   Thumb Code   114  main.o(.text.readSensorData)
    sensorInit                               0x08002469   Thumb Code   112  main.o(.text.sensorInit)
    testSensor                               0x080024d9   Thumb Code   200  main.o(.text.testSensor)
    __0sprintf$1                             0x080025a1   Thumb Code    34  printf1.o(i.__0sprintf$1)
    __1sprintf$1                             0x080025a1   Thumb Code     0  printf1.o(i.__0sprintf$1)
    __2sprintf                               0x080025a1   Thumb Code     0  printf1.o(i.__0sprintf$1)
    __scatterload_copy                       0x080025c9   Thumb Code    14  handlers.o(i.__scatterload_copy)
    __scatterload_null                       0x080025d7   Thumb Code     2  handlers.o(i.__scatterload_null)
    __scatterload_zeroinit                   0x080025d9   Thumb Code    14  handlers.o(i.__scatterload_zeroinit)
    puts                                     0x08002749   Thumb Code    30  puts.o(i.puts)
    AHBPrescTable                            0x0800276c   Data          16  system_stm32f1xx.o(.rodata.AHBPrescTable)
    APBPrescTable                            0x0800277c   Data           8  system_stm32f1xx.o(.rodata.APBPrescTable)
    Region$$Table$$Base                      0x0800287c   Number         0  anon$$obj.o(Region$$Table)
    Region$$Table$$Limit                     0x0800289c   Number         0  anon$$obj.o(Region$$Table)
    __stdout                                 0x20000000   Data           4  stdout.o(.data)
    uwTickFreq                               0x20000004   Data           1  stm32f1xx_hal.o(.data..L_MergedGlobals)
    uwTickPrio                               0x20000008   Data           4  stm32f1xx_hal.o(.data..L_MergedGlobals)
    SystemCoreClock                          0x2000000c   Data           4  system_stm32f1xx.o(.data.SystemCoreClock)
    sensorList                               0x20000010   Data         400  main.o(.data.sensorList)
    totalTestBit                             0x200001a0   Data           1  main.o(.data.totalTestBit)
    hdma_usart1_rx                           0x200001a8   Data          68  usart.o(.bss.hdma_usart1_rx)
    hdma_usart1_tx                           0x200001ec   Data          68  usart.o(.bss.hdma_usart1_tx)
    htim1                                    0x20000230   Data          72  tim.o(.bss.htim1)
    htim2                                    0x20000278   Data          72  tim.o(.bss.htim2)
    huart1                                   0x200002c0   Data          72  usart.o(.bss.huart1)
    sensorValBuffer                          0x2000030c   Data         400  main.o(.bss.sensorValBuffer)
    txBuffer                                 0x2000049c   Data        1000  main.o(.bss.txBuffer)
    uwTick                                   0x20000884   Data           4  stm32f1xx_hal.o(.bss.uwTick)
    __initial_sp                             0x20000c88   Data           0  startup_stm32f103xb.o(STACK)



==============================================================================

Memory Map of the image

  Image Entry point : 0x080000ed

  Load Region LR_IROM1 (Base: 0x08000000, Size: 0x00002a48, Max: 0x00020000, ABSOLUTE, COMPRESSED[0x00002910])

    Execution Region ER_IROM1 (Exec base: 0x08000000, Load base: 0x08000000, Size: 0x0000289c, Max: 0x00020000, ABSOLUTE)

    Exec Addr    Load Addr    Size         Type   Attr      Idx    E Section Name        Object

    0x08000000   0x08000000   0x000000ec   Data   RO            3    RESET               startup_stm32f103xb.o
    0x080000ec   0x080000ec   0x00000000   Code   RO         1003  * .ARM.Collect$$$$00000000  mc_w.l(entry.o)
    0x080000ec   0x080000ec   0x00000004   Code   RO         1277    .ARM.Collect$$$$00000001  mc_w.l(entry2.o)
    0x080000f0   0x080000f0   0x00000004   Code   RO         1280    .ARM.Collect$$$$00000004  mc_w.l(entry5.o)
    0x080000f4   0x080000f4   0x00000000   Code   RO         1282    .ARM.Collect$$$$00000008  mc_w.l(entry7b.o)
    0x080000f4   0x080000f4   0x00000000   Code   RO         1284    .ARM.Collect$$$$0000000A  mc_w.l(entry8b.o)
    0x080000f4   0x080000f4   0x00000008   Code   RO         1285    .ARM.Collect$$$$0000000B  mc_w.l(entry9a.o)
    0x080000fc   0x080000fc   0x00000000   Code   RO         1287    .ARM.Collect$$$$0000000D  mc_w.l(entry10a.o)
    0x080000fc   0x080000fc   0x00000000   Code   RO         1289    .ARM.Collect$$$$0000000F  mc_w.l(entry11a.o)
    0x080000fc   0x080000fc   0x00000004   Code   RO         1278    .ARM.Collect$$$$00002712  mc_w.l(entry2.o)
    0x08000100   0x08000100   0x00000024   Code   RO            4    .text               startup_stm32f103xb.o
    0x08000124   0x08000124   0x00000024   Code   RO         1012    .text               mc_w.l(memseta.o)
    0x08000148   0x08000148   0x0000000e   Code   RO         1014    .text               mc_w.l(strlen.o)
    0x08000156   0x08000156   0x0000002c   Code   RO         1292    .text               mc_w.l(uidiv.o)
    0x08000182   0x08000182   0x00000002   PAD
    0x08000184   0x08000184   0x00000024   Code   RO         1307    .text               mc_w.l(init.o)
    0x080001a8   0x080001a8   0x0000005e   Code   RO         1323    .text               mc_w.l(__dclz77c.o)
    0x08000206   0x08000206   0x00000002   Code   RO          137    .text.BusFault_Handler  stm32f1xx_it.o
    0x08000208   0x08000208   0x0000000c   Code   RO          149    .text.DMA1_Channel4_IRQHandler  stm32f1xx_it.o
    0x08000214   0x08000214   0x0000000c   Code   RO          151    .text.DMA1_Channel5_IRQHandler  stm32f1xx_it.o
    0x08000220   0x08000220   0x00000026   Code   RO          660    .text.DMA_SetConfig  stm32f1xx_hal_dma.o
    0x08000246   0x08000246   0x00000002   Code   RO          143    .text.DebugMon_Handler  stm32f1xx_it.o
    0x08000248   0x08000248   0x00000008   Code   RO           55    .text.Error_Handler  main.o
    0x08000250   0x08000250   0x00000040   Code   RO          664    .text.HAL_DMA_Abort  stm32f1xx_hal_dma.o
    0x08000290   0x08000290   0x00000088   Code   RO          666    .text.HAL_DMA_Abort_IT  stm32f1xx_hal_dma.o
    0x08000318   0x08000318   0x00000138   Code   RO          670    .text.HAL_DMA_IRQHandler  stm32f1xx_hal_dma.o
    0x08000450   0x08000450   0x0000006c   Code   RO          654    .text.HAL_DMA_Init  stm32f1xx_hal_dma.o
    0x080004bc   0x080004bc   0x00000066   Code   RO          662    .text.HAL_DMA_Start_IT  stm32f1xx_hal_dma.o
    0x08000522   0x08000522   0x00000002   PAD
    0x08000524   0x08000524   0x0000019c   Code   RO          630    .text.HAL_GPIO_Init  stm32f1xx_hal_gpio.o
    0x080006c0   0x080006c0   0x0000000a   Code   RO          634    .text.HAL_GPIO_ReadPin  stm32f1xx_hal_gpio.o
    0x080006ca   0x080006ca   0x00000010   Code   RO          638    .text.HAL_GPIO_TogglePin  stm32f1xx_hal_gpio.o
    0x080006da   0x080006da   0x0000000a   Code   RO          636    .text.HAL_GPIO_WritePin  stm32f1xx_hal_gpio.o
    0x080006e4   0x080006e4   0x00000008   Code   RO          532    .text.HAL_GetTick   stm32f1xx_hal.o
    0x080006ec   0x080006ec   0x00000014   Code   RO          530    .text.HAL_IncTick   stm32f1xx_hal.o
    0x08000700   0x08000700   0x00000020   Code   RO          520    .text.HAL_Init      stm32f1xx_hal.o
    0x08000720   0x08000720   0x0000003c   Code   RO          522    .text.HAL_InitTick  stm32f1xx_hal.o
    0x0800075c   0x0800075c   0x00000040   Code   RO          164    .text.HAL_MspInit   stm32f1xx_hal_msp.o
    0x0800079c   0x0800079c   0x0000001c   Code   RO          694    .text.HAL_NVIC_EnableIRQ  stm32f1xx_hal_cortex.o
    0x080007b8   0x080007b8   0x00000038   Code   RO          690    .text.HAL_NVIC_SetPriority  stm32f1xx_hal_cortex.o
    0x080007f0   0x080007f0   0x00000020   Code   RO          688    .text.HAL_NVIC_SetPriorityGrouping  stm32f1xx_hal_cortex.o
    0x08000810   0x08000810   0x00000138   Code   RO          584    .text.HAL_RCC_ClockConfig  stm32f1xx_hal_rcc.o
    0x08000948   0x08000948   0x00000014   Code   RO          596    .text.HAL_RCC_GetPCLK1Freq  stm32f1xx_hal_rcc.o
    0x0800095c   0x0800095c   0x0000001c   Code   RO          598    .text.HAL_RCC_GetPCLK2Freq  stm32f1xx_hal_rcc.o
    0x08000978   0x08000978   0x00000054   Code   RO          586    .text.HAL_RCC_GetSysClockFreq  stm32f1xx_hal_rcc.o
    0x080009cc   0x080009cc   0x00000334   Code   RO          582    .text.HAL_RCC_OscConfig  stm32f1xx_hal_rcc.o
    0x08000d00   0x08000d00   0x00000028   Code   RO          702    .text.HAL_SYSTICK_Config  stm32f1xx_hal_cortex.o
    0x08000d28   0x08000d28   0x00000002   Code   RO          506    .text.HAL_TIMEx_BreakCallback  stm32f1xx_hal_tim_ex.o
    0x08000d2a   0x08000d2a   0x00000002   Code   RO          502    .text.HAL_TIMEx_CommutCallback  stm32f1xx_hal_tim_ex.o
    0x08000d2c   0x08000d2c   0x0000005c   Code   RO          496    .text.HAL_TIMEx_MasterConfigSynchronization  stm32f1xx_hal_tim_ex.o
    0x08000d88   0x08000d88   0x00000058   Code   RO          187    .text.HAL_TIM_Base_Init  stm32f1xx_hal_tim.o
    0x08000de0   0x08000de0   0x00000054   Code   RO          100    .text.HAL_TIM_Base_MspInit  tim.o
    0x08000e34   0x08000e34   0x00000050   Code   RO          197    .text.HAL_TIM_Base_Start  stm32f1xx_hal_tim.o
    0x08000e84   0x08000e84   0x000000f6   Code   RO          375    .text.HAL_TIM_ConfigClockSource  stm32f1xx_hal_tim.o
    0x08000f7a   0x08000f7a   0x00000002   Code   RO          323    .text.HAL_TIM_IC_CaptureCallback  stm32f1xx_hal_tim.o
    0x08000f7c   0x08000f7c   0x0000016c   Code   RO          321    .text.HAL_TIM_IRQHandler  stm32f1xx_hal_tim.o
    0x080010e8   0x080010e8   0x00000002   Code   RO          325    .text.HAL_TIM_OC_DelayElapsedCallback  stm32f1xx_hal_tim.o
    0x080010ea   0x080010ea   0x00000002   Code   RO          327    .text.HAL_TIM_PWM_PulseFinishedCallback  stm32f1xx_hal_tim.o
    0x080010ec   0x080010ec   0x00000002   Code   RO          329    .text.HAL_TIM_PeriodElapsedCallback  stm32f1xx_hal_tim.o
    0x080010ee   0x080010ee   0x00000002   Code   RO          331    .text.HAL_TIM_TriggerCallback  stm32f1xx_hal_tim.o
    0x080010f0   0x080010f0   0x00000002   Code   RO          953    .text.HAL_UARTEx_RxEventCallback  stm32f1xx_hal_uart.o
    0x080010f2   0x080010f2   0x00000002   Code   RO          951    .text.HAL_UART_ErrorCallback  stm32f1xx_hal_uart.o
    0x080010f4   0x080010f4   0x00000294   Code   RO          945    .text.HAL_UART_IRQHandler  stm32f1xx_hal_uart.o
    0x08001388   0x08001388   0x0000005e   Code   RO          861    .text.HAL_UART_Init  stm32f1xx_hal_uart.o
    0x080013e6   0x080013e6   0x00000002   PAD
    0x080013e8   0x080013e8   0x000000ec   Code   RO          116    .text.HAL_UART_MspInit  usart.o
    0x080014d4   0x080014d4   0x00000002   Code   RO          959    .text.HAL_UART_RxCpltCallback  stm32f1xx_hal_uart.o
    0x080014d6   0x080014d6   0x000000a6   Code   RO          877    .text.HAL_UART_Transmit  stm32f1xx_hal_uart.o
    0x0800157c   0x0800157c   0x00000070   Code   RO          889    .text.HAL_UART_Transmit_DMA  stm32f1xx_hal_uart.o
    0x080015ec   0x080015ec   0x00000002   Code   RO          955    .text.HAL_UART_TxCpltCallback  stm32f1xx_hal_uart.o
    0x080015ee   0x080015ee   0x00000002   Code   RO          957    .text.HAL_UART_TxHalfCpltCallback  stm32f1xx_hal_uart.o
    0x080015f0   0x080015f0   0x00000002   Code   RO          133    .text.HardFault_Handler  stm32f1xx_it.o
    0x080015f2   0x080015f2   0x00000002   PAD
    0x080015f4   0x080015f4   0x00000040   Code   RO           87    .text.MX_DMA_Init   dma.o
    0x08001634   0x08001634   0x000000c8   Code   RO           78    .text.MX_GPIO_Init  gpio.o
    0x080016fc   0x080016fc   0x00000064   Code   RO           96    .text.MX_TIM1_Init  tim.o
    0x08001760   0x08001760   0x00000064   Code   RO           98    .text.MX_TIM2_Init  tim.o
    0x080017c4   0x080017c4   0x00000034   Code   RO          114    .text.MX_USART1_UART_Init  usart.o
    0x080017f8   0x080017f8   0x00000002   Code   RO          135    .text.MemManage_Handler  stm32f1xx_it.o
    0x080017fa   0x080017fa   0x00000002   Code   RO          131    .text.NMI_Handler   stm32f1xx_it.o
    0x080017fc   0x080017fc   0x00000002   Code   RO          145    .text.PendSV_Handler  stm32f1xx_it.o
    0x080017fe   0x080017fe   0x00000002   Code   RO          141    .text.SVC_Handler   stm32f1xx_it.o
    0x08001800   0x08001800   0x00000004   Code   RO          147    .text.SysTick_Handler  stm32f1xx_it.o
    0x08001804   0x08001804   0x00000066   Code   RO           53    .text.SystemClock_Config  main.o
    0x0800186a   0x0800186a   0x00000002   Code   RO          989    .text.SystemInit    system_stm32f1xx.o
    0x0800186c   0x0800186c   0x0000000c   Code   RO          153    .text.TIM2_IRQHandler  stm32f1xx_it.o
    0x08001878   0x08001878   0x00000070   Code   RO          191    .text.TIM_Base_SetConfig  stm32f1xx_hal_tim.o
    0x080018e8   0x080018e8   0x00000022   Code   RO          377    .text.TIM_TI1_ConfigInputStage  stm32f1xx_hal_tim.o
    0x0800190a   0x0800190a   0x00000024   Code   RO          379    .text.TIM_TI2_ConfigInputStage  stm32f1xx_hal_tim.o
    0x0800192e   0x0800192e   0x0000000c   Code   RO          949    .text.UART_DMAAbortOnError  stm32f1xx_hal_uart.o
    0x0800193a   0x0800193a   0x0000004e   Code   RO          895    .text.UART_DMAError  stm32f1xx_hal_uart.o
    0x08001988   0x08001988   0x0000003c   Code   RO          891    .text.UART_DMATransmitCplt  stm32f1xx_hal_uart.o
    0x080019c4   0x080019c4   0x00000006   Code   RO          893    .text.UART_DMATxHalfCplt  stm32f1xx_hal_uart.o
    0x080019ca   0x080019ca   0x0000004e   Code   RO          909    .text.UART_EndRxTransfer  stm32f1xx_hal_uart.o
    0x08001a18   0x08001a18   0x0000001c   Code   RO          907    .text.UART_EndTxTransfer  stm32f1xx_hal_uart.o
    0x08001a34   0x08001a34   0x000000c4   Code   RO          947    .text.UART_Receive_IT  stm32f1xx_hal_uart.o
    0x08001af8   0x08001af8   0x00000080   Code   RO          865    .text.UART_SetConfig  stm32f1xx_hal_uart.o
    0x08001b78   0x08001b78   0x0000006e   Code   RO          879    .text.UART_WaitOnFlagUntilTimeout  stm32f1xx_hal_uart.o
    0x08001be6   0x08001be6   0x00000002   PAD
    0x08001be8   0x08001be8   0x00000008   Code   RO          155    .text.USART1_IRQHandler  stm32f1xx_it.o
    0x08001bf0   0x08001bf0   0x00000002   Code   RO          139    .text.UsageFault_Handler  stm32f1xx_it.o
    0x08001bf2   0x08001bf2   0x00000002   PAD
    0x08001bf4   0x08001bf4   0x00000024   Code   RO          692    .text.__NVIC_SetPriority  stm32f1xx_hal_cortex.o
    0x08001c18   0x08001c18   0x00000014   Code   RO           13    .text.delay_us      i2c_sw.o
    0x08001c2c   0x08001c2c   0x0000001c   Code   RO           59    .text.fputc         main.o
    0x08001c48   0x08001c48   0x000000e8   Code   RO           31    .text.i2cReadByte   i2c_sw.o
    0x08001d30   0x08001d30   0x000000e4   Code   RO           29    .text.i2cWriteByte  i2c_sw.o
    0x08001e14   0x08001e14   0x0000004c   Code   RO           23    .text.i2c_ack       i2c_sw.o
    0x08001e60   0x08001e60   0x00000038   Code   RO           25    .text.i2c_no_ack    i2c_sw.o
    0x08001e98   0x08001e98   0x00000078   Code   RO           19    .text.i2c_read      i2c_sw.o
    0x08001f10   0x08001f10   0x00000058   Code   RO           17    .text.i2c_send      i2c_sw.o
    0x08001f68   0x08001f68   0x00000044   Code   RO           11    .text.i2c_start     i2c_sw.o
    0x08001fac   0x08001fac   0x00000048   Code   RO           15    .text.i2c_stop      i2c_sw.o
    0x08001ff4   0x08001ff4   0x0000006c   Code   RO           21    .text.i2c_wit_ack   i2c_sw.o
    0x08002060   0x08002060   0x00000394   Code   RO           51    .text.main          main.o
    0x080023f4   0x080023f4   0x00000072   Code   RO           47    .text.readSensorData  main.o
    0x08002466   0x08002466   0x00000002   PAD
    0x08002468   0x08002468   0x00000070   Code   RO           45    .text.sensorInit    main.o
    0x080024d8   0x080024d8   0x000000c8   Code   RO           43    .text.testSensor    main.o
    0x080025a0   0x080025a0   0x00000028   Code   RO         1063    i.__0sprintf$1      mc_w.l(printf1.o)
    0x080025c8   0x080025c8   0x0000000e   Code   RO         1317    i.__scatterload_copy  mc_w.l(handlers.o)
    0x080025d6   0x080025d6   0x00000002   Code   RO         1318    i.__scatterload_null  mc_w.l(handlers.o)
    0x080025d8   0x080025d8   0x0000000e   Code   RO         1319    i.__scatterload_zeroinit  mc_w.l(handlers.o)
    0x080025e6   0x080025e6   0x00000002   PAD
    0x080025e8   0x080025e8   0x00000154   Code   RO         1068    i._printf_core      mc_w.l(printf1.o)
    0x0800273c   0x0800273c   0x0000000a   Code   RO         1070    i._sputc            mc_w.l(printf1.o)
    0x08002746   0x08002746   0x00000002   PAD
    0x08002748   0x08002748   0x00000024   Code   RO         1006    i.puts              mc_w.l(puts.o)
    0x0800276c   0x0800276c   0x00000010   Data   RO          994    .rodata.AHBPrescTable  system_stm32f1xx.o
    0x0800277c   0x0800277c   0x00000008   Data   RO          995    .rodata.APBPrescTable  system_stm32f1xx.o
    0x08002784   0x08002784   0x0000000e   Data   RO           34    .rodata.str1.1      i2c_sw.o
    0x08002792   0x08002792   0x000000e8   Data   RO           65    .rodata.str1.1      main.o
    0x0800287a   0x0800287a   0x00000002   PAD
    0x0800287c   0x0800287c   0x00000020   Data   RO         1316    Region$$Table       anon$$obj.o


    Execution Region RW_IRAM1 (Exec base: 0x20000000, Load base: 0x080028a0, Size: 0x00000c88, Max: 0x00005000, ABSOLUTE, COMPRESSED[0x00000070])

    Exec Addr    Load Addr    Size         Type   Attr      Idx    E Section Name        Object

    0x20000000   COMPRESSED   0x00000004   Data   RW         1291    .data               mc_w.l(stdout.o)
    0x20000004   COMPRESSED   0x00000008   Data   RW          571    .data..L_MergedGlobals  stm32f1xx_hal.o
    0x2000000c   COMPRESSED   0x00000004   Data   RW          993    .data.SystemCoreClock  system_stm32f1xx.o
    0x20000010   COMPRESSED   0x00000190   Data   RW           63    .data.sensorList    main.o
    0x200001a0   COMPRESSED   0x00000001   Data   RW           62    .data.totalTestBit  main.o
    0x200001a1   COMPRESSED   0x00000007   PAD
    0x200001a8        -       0x00000044   Zero   RW          121    .bss.hdma_usart1_rx  usart.o
    0x200001ec        -       0x00000044   Zero   RW          122    .bss.hdma_usart1_tx  usart.o
    0x20000230        -       0x00000048   Zero   RW          104    .bss.htim1          tim.o
    0x20000278        -       0x00000048   Zero   RW          105    .bss.htim2          tim.o
    0x200002c0        -       0x00000048   Zero   RW          120    .bss.huart1         usart.o
    0x20000308        -       0x00000001   Zero   RW           33    .bss.i2c_read.dat   i2c_sw.o
    0x20000309   COMPRESSED   0x00000003   PAD
    0x2000030c        -       0x00000190   Zero   RW           61    .bss.sensorValBuffer  main.o
    0x2000049c        -       0x000003e8   Zero   RW           64    .bss.txBuffer       main.o
    0x20000884        -       0x00000004   Zero   RW          570    .bss.uwTick         stm32f1xx_hal.o
    0x20000888        -       0x00000400   Zero   RW            1    STACK               startup_stm32f103xb.o


==============================================================================

Image component sizes


      Code (inc. data)   RO Data    RW Data    ZI Data      Debug   Object Name

        64          4          0          0          0       1999   dma.o
       200         16          0          0          0       1581   gpio.o
      1068         24         14          0          1       5066   i2c_sw.o
      1480         68        232        401       1400       4878   main.o
        36          8        236          0       1024        792   startup_stm32f103xb.o
       120          8          0          8          4       5848   stm32f1xx_hal.o
       192         28          0          0          0       8314   stm32f1xx_hal_cortex.o
       760         32          0          0          0       7093   stm32f1xx_hal_dma.o
       448         52          0          0          0       4602   stm32f1xx_hal_gpio.o
        64          8          0          0          0       1202   stm32f1xx_hal_msp.o
      1264         68          0          0          0       7225   stm32f1xx_hal_rcc.o
       970         24          0          0          0      42692   stm32f1xx_hal_tim.o
        96          0          0          0          0      17726   stm32f1xx_hal_tim_ex.o
      1738         20          0          0          0      24094   stm32f1xx_hal_uart.o
        64         12          0          0          0       1382   stm32f1xx_it.o
         2          0         24          4          0       1577   system_stm32f1xx.o
       284          8          0          0        144       5903   tim.o
       288         24          0          0        208       5395   usart.o

    ----------------------------------------------------------------------
      9150        404        540        416       2788     147369   Object Totals
         0          0         32          0          0          0   (incl. Generated)
        12          0          2          3          7          0   (incl. Padding)

    ----------------------------------------------------------------------

      Code (inc. data)   RO Data    RW Data    ZI Data      Debug   Library Member Name

        94          0          0          0          0          0   __dclz77c.o
         0          0          0          0          0          0   entry.o
         0          0          0          0          0          0   entry10a.o
         0          0          0          0          0          0   entry11a.o
         8          4          0          0          0          0   entry2.o
         4          0          0          0          0          0   entry5.o
         0          0          0          0          0          0   entry7b.o
         0          0          0          0          0          0   entry8b.o
         8          4          0          0          0          0   entry9a.o
        30          0          0          0          0          0   handlers.o
        36          8          0          0          0         68   init.o
        36          0          0          0          0        108   memseta.o
       390         10          0          0          0        252   printf1.o
        36          6          0          0          0         80   puts.o
         0          0          0          4          0          0   stdout.o
        14          0          0          0          0         68   strlen.o
        44          0          0          0          0         80   uidiv.o

    ----------------------------------------------------------------------
       706         32          0          4          0        656   Library Totals
         6          0          0          0          0          0   (incl. Padding)

    ----------------------------------------------------------------------

      Code (inc. data)   RO Data    RW Data    ZI Data      Debug   Library Name

       700         32          0          4          0        656   mc_w.l

    ----------------------------------------------------------------------
       706         32          0          4          0        656   Library Totals

    ----------------------------------------------------------------------

==============================================================================


      Code (inc. data)   RO Data    RW Data    ZI Data      Debug   

      9856        436        540        420       2788     147793   Grand Totals
      9856        436        540        112       2788     147793   ELF Image Totals (compressed)
      9856        436        540        112          0          0   ROM Totals

==============================================================================

    Total RO  Size (Code + RO Data)                10396 (  10.15kB)
    Total RW  Size (RW Data + ZI Data)              3208 (   3.13kB)
    Total ROM Size (Code + RO Data + RW Data)      10508 (  10.26kB)

==============================================================================

